<html>
<body>
<pre>
<h1>µVision Build Log</h1>
<h2>Project:</h2>
D:\MyProject\MR7026_DS28E11_ADD_LOCK\Project\MDK-ARM(uV4)\project.uvproj
Project File Date:  03/20/2018

<h2>Output:</h2>
Build target 'Flash'
compiling App_IT1.c...
..\..\User\App_IT1.c(727): warning:  #550-D: variable "rt" was set but never used
            uint8_t buf[2],rt;
..\..\User\App_IT1.c: 1 warning, 0 errors
linking...
Program Size: Code=31244 RO-data=384 RW-data=896 ZI-data=14520  
FromELF: creating hex file...
"..\outupt\clf.axf" - 0 Error(s), 1 Warning(s).
</pre>
</body>
</html>
s).
Load "..\\outupt\\clf.axf" 
Set JLink Project File to "D:\MyProject\MR7026_DS28E11_ADD_LOCK\Project\MDK-ARM(uV4)\JLinkSettings.ini"
* JLink Info: Device "STM32F103C8" selected (64 KB flash, 20 KB RAM).
 
JLink info:
------------
DLL: V4.80g, compiled Feb 13 2014 20:50:02
Firmware: J-Link ARM V8 compiled Nov 25 2013 19:20:08
Hardware: V8.00
S/N : 58009527 
Feature(s) : RDI,FlashDL,FlashBP,JFlash,GDBFULL 
 
* JLink Info: Found SWD-DP with ID 0x1BA01477
* JLink Info: Found SWD-DP with ID 0x1BA01477
* JLink Info: Found Cortex-M3 r1p1, Little endian.
* JLink Info: FPUnit: 6 code (BP) slots and 2 literal slots
* JLink Info: TPIU fitted.
ROMTableAddr = 0xE00FF003
 
Target info:
------------
Device: STM32F103C8
VTarget = 3.287V
State of Pins: 
TCK: 0, TDI: 0, TDO: 0, TMS: 1, TRES: 1, TRST: 1
Hardware-Breakpoints: 6
Software-Breakpoints: 8192
Watchpoints:          4
JTAG speed: 500 kHz
 
Erase Done.
Programming Done.
Verify OK.
r = 0xE00FF003
 
Target info:
------------
Device: STM32F103C8
VTarget = 3.287V
State of Pins: 
TCK: 0, TDI: 0, TDO: 0, TMS: 1, TRES: 1, TRST: 1
Hardware-Breakpoints: 6
Software-Breakpoints: 8192
Watchpoints:          4
JTAG speed: 500 kHz
 
Erase Done.
Programming Done.
Verify OK.
DS28E11.c(128): warning:  #550-D: variable "SECRET" was set but never used
  static unsigned char SECRET[32];
..\..\User\bsp\src\bsp_DS28E11.c: 5 warnings, 0 errors
compiling bsp_msg.c...
assembling startup_stm32f10x_md.s...
compiling misc.c...
compiling stm32f10x_bkp.c...
compiling stm32f10x_exti.c...
compiling stm32f10x_gpio.c...
compiling stm32f10x_pwr.c...
compiling stm32f10x_rcc.c...
compiling stm32f10x_usart.c...
compiling stm32f10x_flash.c...
compiling stm32f10x_tim.c...
compiling stm32f10x_spi.c...
compiling stm32f10x_iwdg.c...
compiling system_stm32f10x.c...
linking...
Program Size: Code=31316 RO-data=384 RW-data=896 ZI-data=14520  
FromELF: creating hex file...
"..\outupt\clf.axf" - 0 Error(s), 8 Warning(s).
Load "..\\outupt\\clf.axf" 
Set JLink Project File to "D:\MyProject\MR7026_DS28E11_ADD_LOCK\Project\MDK-ARM(uV4)\JLinkSettings.ini"
* JLink Info: Device "STM32F103C8" selected (64 KB flash, 20 KB RAM).
 
JLink info:
------------
DLL: V4.80g, compiled Feb 13 2014 20:50:02
Firmware: J-Link ARM V8 compiled Nov 25 2013 19:20:08
Hardware: V8.00
S/N : 58009527 
Feature(s) : RDI,FlashDL,FlashBP,JFlash,GDBFULL 
 
* JLink Info: Found SWD-DP with ID 0x1BA01477
* JLink Info: Found SWD-DP with ID 0x1BA01477
* JLink Info: Found Cortex-M3 r1p1, Little endian.
* JLink Info: FPUnit: 6 code (BP) slots and 2 literal slots
* JLink Info: TPIU fitted.
ROMTableAddr = 0xE00FF003
 
Target info:
------------
Device: STM32F103C8
VTarget = 3.287V
State of Pins: 
TCK: 0, TDI: 0, TDO: 0, TMS: 1, TRES: 1, TRST: 1
Hardware-Breakpoints: 6
Software-Breakpoints: 8192
Watchpoints:          4
JTAG speed: 500 kHz
 
Erase Done.
Programming Done.
Verify OK.
