ARM Linker, 5.03 [Build 76] [MDK-ARM Standard]

==============================================================================

Section Cross References

    main.o(i.AppTask_BusMonitor) refers to main.o(.bss) for Bus
    main.o(i.AppTask_RivalrySend) refers to app_it1.o(i.IT1_SendData) for IT1_SendData
    main.o(i.AppTask_Run) refers to bsp_key.o(i.bsp_KeyScan) for bsp_KeyScan
    main.o(i.AppTask_Run) refers to bsp_led.o(i.led_run) for led_run
    main.o(i.AppTask_Run) refers to app_it1.o(i.IT1_IR_LoadToWireless) for IT1_IR_LoadToWireless
    main.o(i.AppTask_Run) refers to app_it1.o(i.IT1_Dev_Register) for IT1_Dev_Register
    main.o(i.AppTask_Run) refers to app_it1.o(i.IT1_Lock_DataLoad) for IT1_Lock_DataLoad
    main.o(i.AppTask_Run) refers to func.o(i.DlyEvent_handle) for DlyEvent_handle
    main.o(i.AppTask_Run) refers to bsp_iwdg.o(i.IWDG_Feed) for IWDG_Feed
    main.o(i.AppTask_Run) refers to bsp_key.o(i.bsp_GetKey) for bsp_GetKey
    main.o(i.AppTask_Run) refers to app_it1.o(i.IT1_LearnLock) for IT1_LearnLock
    main.o(i.AppTask_Run) refers to func.o(i.RegTimeClr) for RegTimeClr
    main.o(i.AppTask_Run) refers to func.o(i.Init_Pannel_Table) for Init_Pannel_Table
    main.o(i.AppTask_Run) refers to func.o(i.Init_Ex_Table) for Init_Ex_Table
    main.o(i.AppTask_Run) refers to func.o(i.Init_Lock_Table) for Init_Lock_Table
    main.o(i.AppTask_Run) refers to bsp_led.o(i.Led_set) for Led_set
    main.o(i.AppTask_Run) refers to app_it1.o(i.IT1_Dlytime_Handle) for IT1_Dlytime_Handle
    main.o(i.AppTask_Run) refers to func.o(i.Msg_hanndle) for Msg_hanndle
    main.o(i.AppTask_Run) refers to main.o(.data) for t10ms
    main.o(i.AppTask_Run) refers to main.o(.bss) for Ir
    main.o(i.AppTask_WirelessRecv) refers to app_wireless.o(i.Wireless_Recv) for Wireless_Recv
    main.o(i.AppTask_WirelessSend) refers to app_wireless.o(i.Wireless_Send) for Wireless_Send
    main.o(i.AppTask_WirelessSend) refers to main.o(.data) for cnt
    main.o(i.Check_Frame_Interval) refers to bsp_usart.o(i.Bsp_Get_UsartData) for Bsp_Get_UsartData
    main.o(i.Check_Frame_Interval) refers to bsp_timer.o(i.bsp_StartHardTimer) for bsp_StartHardTimer
    main.o(i.Check_Frame_Interval) refers to main.o(.bss) for Bus
    main.o(i.main) refers to misc.o(i.NVIC_SetVectorTable) for NVIC_SetVectorTable
    main.o(i.main) refers to bsp.o(i.bsp_Init) for bsp_Init
    main.o(i.main) refers to func.o(i.Dev_Init) for Dev_Init
    main.o(i.main) refers to time_triggered.o(i.hSCH_Add_Task) for hSCH_Add_Task
    main.o(i.main) refers to bsp_led.o(i.Led_set) for Led_set
    main.o(i.main) refers to bsp_timer.o(i.bsp_StartHardTimer) for bsp_StartHardTimer
    main.o(i.main) refers to bsp_iwdg.o(i.bsp_InitIwdg) for bsp_InitIwdg
    main.o(i.main) refers to bsp_iwdg.o(i.IWDG_Feed) for IWDG_Feed
    main.o(i.main) refers to time_triggered.o(i.hSCH_Dispatch_Tasks) for hSCH_Dispatch_Tasks
    main.o(i.main) refers to main.o(i.taskRxProcess) for taskRxProcess
    main.o(i.main) refers to main.o(i.AppTask_WirelessRecv) for AppTask_WirelessRecv
    main.o(i.main) refers to main.o(i.AppTask_WirelessSend) for AppTask_WirelessSend
    main.o(i.main) refers to main.o(i.AppTask_Run) for AppTask_Run
    main.o(i.main) refers to main.o(i.Check_Frame_Interval) for Check_Frame_Interval
    main.o(i.main) refers to main.o(.bss) for Dev
    main.o(i.taskRxProcess) refers to app_it1.o(i.IT1_ParseFrame) for IT1_ParseFrame
    main.o(i.taskRxProcess) refers to bsp_usart.o(i.RS485_Send) for RS485_Send
    main.o(i.taskRxProcess) refers to main.o(.bss) for Bus
    app_it1.o(i.IT1_AddressSetting) refers to func.o(i.Write_Dev) for Write_Dev
    app_it1.o(i.IT1_AddressSetting) refers to app_wireless.o(i.Wireless_Dev_Action) for Wireless_Dev_Action
    app_it1.o(i.IT1_AddressSetting) refers to func.o(i.Write_Ex_Table) for Write_Ex_Table
    app_it1.o(i.IT1_AddressSetting) refers to func.o(i.RegTimeClr) for RegTimeClr
    app_it1.o(i.IT1_AddressSetting) refers to my_queue_chl.o(i.InitQueueBUF) for InitQueueBUF
    app_it1.o(i.IT1_AddressSetting) refers to app_it1.o(i.IT1_Load_RS485_Ack) for IT1_Load_RS485_Ack
    app_it1.o(i.IT1_AddressSetting) refers to main.o(.bss) for RxDat
    app_it1.o(i.IT1_DevPara_Report) refers to my_queue_chl.o(i.GetQueue_InQ) for GetQueue_InQ
    app_it1.o(i.IT1_DevPara_Report) refers to func.o(i.Crc8CheckSum) for Crc8CheckSum
    app_it1.o(i.IT1_DevPara_Report) refers to my_queue_chl.o(i.EnQueueBuf) for EnQueueBuf
    app_it1.o(i.IT1_DevPara_Report) refers to main.o(.bss) for RS485_Queue
    app_it1.o(i.IT1_Dev_Declare) refers to my_queue_chl.o(i.GetQueue_InQ) for GetQueue_InQ
    app_it1.o(i.IT1_Dev_Declare) refers to app_it1.o(i.IT1_Wireless2RS485) for IT1_Wireless2RS485
    app_it1.o(i.IT1_Dev_Declare) refers to func.o(i.Crc8CheckSum) for Crc8CheckSum
    app_it1.o(i.IT1_Dev_Declare) refers to my_queue_chl.o(i.EnQueueBuf) for EnQueueBuf
    app_it1.o(i.IT1_Dev_Declare) refers to main.o(.bss) for RS485_Queue
[...]
    i.GetQueue_OutQ                          0x08002c7e   Section        0  my_queue_chl.o(i.GetQueue_OutQ)
    i.GetRandTime                            0x08002cd0   Section        0  func.o(i.GetRandTime)
    i.GetSecret                              0x08002d08   Section        0  func.o(i.GetSecret)
    i.Get_SerialNum                          0x08002d24   Section        0  func.o(i.Get_SerialNum)
    i.HardFault_Handler                      0x08002d7c   Section        0  stm32f10x_it.o(i.HardFault_Handler)
    i.I2C_NoAck                              0x08002dd4   Section        0  bsp_eeprom.o(i.I2C_NoAck)
    I2C_NoAck                                0x08002dd5   Thumb Code    40  bsp_eeprom.o(i.I2C_NoAck)
    i.I2C_RecAck                             0x08002e00   Section        0  bsp_eeprom.o(i.I2C_RecAck)
    I2C_RecAck                               0x08002e01   Thumb Code    76  bsp_eeprom.o(i.I2C_RecAck)
    i.I2C_SDA_IO_SET                         0x08002e54   Section        0  bsp_eeprom.o(i.I2C_SDA_IO_SET)
    i.I2C_SendAck                            0x08002e94   Section        0  bsp_eeprom.o(i.I2C_SendAck)
    I2C_SendAck                              0x08002e95   Thumb Code    40  bsp_eeprom.o(i.I2C_SendAck)
    i.I2C_Start                              0x08002ec0   Section        0  bsp_eeprom.o(i.I2C_Start)
    I2C_Start                                0x08002ec1   Thumb Code    52  bsp_eeprom.o(i.I2C_Start)
    i.I2C_Stop                               0x08002ef8   Section        0  bsp_eeprom.o(i.I2C_Stop)
    I2C_Stop                                 0x08002ef9   Thumb Code    52  bsp_eeprom.o(i.I2C_Stop)
    i.I2C_WP_SET                             0x08002f30   Section        0  bsp_eeprom.o(i.I2C_WP_SET)
    i.I2C_rbyte                              0x08002f50   Section        0  bsp_eeprom.o(i.I2C_rbyte)
    I2C_rbyte                                0x08002f51   Thumb Code    76  bsp_eeprom.o(i.I2C_rbyte)
    i.I2C_wbyte                              0x08002fa0   Section        0  bsp_eeprom.o(i.I2C_wbyte)
    I2C_wbyte                                0x08002fa1   Thumb Code    90  bsp_eeprom.o(i.I2C_wbyte)
    i.IT1_AddressSetting                     0x08003000   Section        0  app_it1.o(i.IT1_AddressSetting)
    i.IT1_DevPara_Report                     0x080030f8   Section        0  app_it1.o(i.IT1_DevPara_Report)
    i.IT1_Dev_Declare                        0x08003240   Section        0  app_it1.o(i.IT1_Dev_Declare)
    i.IT1_Dev_Register                       0x080032fc   Section        0  app_it1.o(i.IT1_Dev_Register)
    i.IT1_Dev_StuLoad                        0x080033a8   Section        0  app_it1.o(i.IT1_Dev_StuLoad)
    i.IT1_Dlytime_Handle                     0x08003618   Section        0  app_it1.o(i.IT1_Dlytime_Handle)
    i.IT1_Function_BroadCast                 0x08003684   Section        0  app_it1.o(i.IT1_Function_BroadCast)
    i.IT1_Function_CMD                       0x08003748   Section        0  app_it1.o(i.IT1_Function_CMD)
    i.IT1_Function_Date                      0x08003810   Section        0  app_it1.o(i.IT1_Function_Date)
    i.IT1_Function_Modfiy                    0x08003c98   Section        0  app_it1.o(i.IT1_Function_Modfiy)
    i.IT1_Function_Setup                     0x08003d14   Section        0  app_it1.o(i.IT1_Function_Setup)
    i.IT1_IR_DEL                             0x08003ee4   Section        0  app_it1.o(i.IT1_IR_DEL)
    i.IT1_IR_LoadToWireless                  0x08003f58   Section        0  app_it1.o(i.IT1_IR_LoadToWireless)
    i.IT1_IR_Setup                           0x0800418c   Section        0  app_it1.o(i.IT1_IR_Setup)
    i.IT1_IR_UnLoadToWireless                0x08004354   Section        0  app_it1.o(i.IT1_IR_UnLoadToWireless)
    i.IT1_IrDel_Report                       0x08004420   Section        0  app_it1.o(i.IT1_IrDel_Report)
    i.IT1_IrSetup_Report                     0x080044a4   Section        0  app_it1.o(i.IT1_IrSetup_Report)
    i.IT1_Key_DataLoad                       0x080045bc   Section        0  app_it1.o(i.IT1_Key_DataLoad)
    i.IT1_LearnLock                          0x0800475c   Section        0  app_it1.o(i.IT1_LearnLock)
    i.IT1_LoadInfo_Report                    0x0800478c   Section        0  app_it1.o(i.IT1_LoadInfo_Report)
    i.IT1_Load_RS485_Ack                     0x0800486c   Section        0  app_it1.o(i.IT1_Load_RS485_Ack)
    i.IT1_Load_RS485_InfoReport              0x080048ec   Section        0  app_it1.o(i.IT1_Load_RS485_InfoReport)
    i.IT1_Lock_DataLoad                      0x08004970   Section        0  app_it1.o(i.IT1_Lock_DataLoad)
    i.IT1_Modify_Type                        0x08004b5c   Section        0  app_it1.o(i.IT1_Modify_Type)
    i.IT1_PROGRAM_Uadata                     0x08004bc0   Section        0  app_it1.o(i.IT1_PROGRAM_Uadata)
    i.IT1_ParseFrame                         0x08004c08   Section        0  app_it1.o(i.IT1_ParseFrame)
    i.IT1_PraseASK                           0x08004d80   Section        0  app_it1.o(i.IT1_PraseASK)
    i.IT1_RS4852Wireless                     0x08004e14   Section        0  app_it1.o(i.IT1_RS4852Wireless)
    i.IT1_RS485_Report                       0x08004e60   Section        0  app_it1.o(i.IT1_RS485_Report)
    i.IT1_RS485_StuLoad                      0x08004f24   Section        0  app_it1.o(i.IT1_RS485_StuLoad)
    i.IT1_SendData                           0x08004fac   Section        0  app_it1.o(i.IT1_SendData)
    i.IT1_Sensor_DataLoad                    0x08005274   Section        0  app_it1.o(i.IT1_Sensor_DataLoad)
    i.IT1_Turn_DataLoad                      0x08005358   Section        0  app_it1.o(i.IT1_Turn_DataLoad)
    i.IT1_Wireless2RS485                     0x0800548c   Section        0  app_it1.o(i.IT1_Wireless2RS485)
    i.IWDG_Enable                            0x080054f0   Section        0  stm32f10x_iwdg.o(i.IWDG_Enable)
    i.IWDG_Feed                              0x08005500   Section        0  bsp_iwdg.o(i.IWDG_Feed)
    i.IWDG_ReloadCounter                     0x08005508   Section        0  stm32f10x_iwdg.o(i.IWDG_ReloadCounter)
    i.IWDG_SetPrescaler                      0x08005518   Section        0  stm32f10x_iwdg.o(i.IWDG_SetPrescaler)
    i.IWDG_SetReload                         0x08005524   Section        0  stm32f10x_iwdg.o(i.IWDG_SetReload)
    i.IWDG_WriteAccessCmd                    0x08005530   Section        0  stm32f10x_iwdg.o(i.IWDG_WriteAccessCmd)
    i.InfoDecode                             0x0800553c   Section        0  func.o(i.InfoDecode)
    i.InfoEncode                             0x08005562   Section        0  func.o(i.InfoEncode)
    i.InitQueueBUF                           0x08005588   Section        0  my_queue_chl.o(i.InitQueueBUF)
    i.Init_Ex_Table                          0x08005590   Section        0  func.o(i.Init_Ex_Table)
    i.Init_Lock_Table                        0x08005604   Section        0  func.o(i.Init_Lock_Table)
    i.Init_Pannel_Table                      0x080056d4   Section        0  func.o(i.Init_Pannel_Table)
    i.Ir_Config_Add                          0x08005734   Section        0  func.o(i.Ir_Config_Add)
    i.Ir_Config_Del                          0x08005788   Section        0  func.o(i.Ir_Config_Del)
    i.IsKeyDown1                             0x080057dc   Section        0  bsp_key.o(i.IsKeyDown1)
    IsKeyDown1                               0x080057dd   Thumb Code    22  bsp_key.o(i.IsKeyDown1)
    i.IsQueueBufEmpty                        0x080057f8   Section        0  my_queue_chl.o(i.IsQueueBufEmpty)
    i.Led_set                                0x08005808   Section        0  bsp_led.o(i.Led_set)
    i.MemManage_Handler                      0x08005884   Section        0  stm32f10x_it.o(i.MemManage_Handler)
    i.Msg_hanndle                            0x08005888   Section        0  func.o(i.Msg_hanndle)
    i.My_NOP                                 0x080058fc   Section        0  bsp_a7139.o(i.My_NOP)
    i.NMI_Handler                            0x0800590a   Section        0  stm32f10x_it.o(i.NMI_Handler)
    i.NVIC_Init                              0x0800590c   Section        0  misc.o(i.NVIC_Init)
    i.NVIC_PriorityGroupConfig               0x08005980   Section        0  misc.o(i.NVIC_PriorityGroupConfig)
    i.NVIC_SetVectorTable                    0x08005994   Section        0  misc.o(i.NVIC_SetVectorTable)
    i.One_Wire_IO_Direction                  0x080059a8   Section        0  bsp_ds28e11.o(i.One_Wire_IO_Direction)
    i.Pannel_Table_Refresh                   0x080059ec   Section        0  func.o(i.Pannel_Table_Refresh)
    i.RCC_APB1PeriphClockCmd                 0x08005a2c   Section        0  stm32f10x_rcc.o(i.RCC_APB1PeriphClockCmd)
    i.RCC_APB2PeriphClockCmd                 0x08005a4c   Section        0  stm32f10x_rcc.o(i.RCC_APB2PeriphClockCmd)
    i.RCC_ClearFlag                          0x08005a6c   Section        0  stm32f10x_rcc.o(i.RCC_ClearFlag)
    i.RCC_GetClocksFreq                      0x08005a80   Section        0  stm32f10x_rcc.o(i.RCC_GetClocksFreq)
    i.RCC_GetFlagStatus                      0x08005b54   Section        0  stm32f10x_rcc.o(i.RCC_GetFlagStatus)
    i.RF_RX                                  0x08005b90   Section        0  bsp_a7139.o(i.RF_RX)
    i.RF_TX                                  0x08005bbc   Section        0  bsp_a7139.o(i.RF_TX)
    i.RF_TX1                                 0x08005c28   Section        0  bsp_a7139.o(i.RF_TX1)
    i.RS485_Send                             0x08005ca0   Section        0  bsp_usart.o(i.RS485_Send)
    i.ReadDataFromFlash                      0x08005d04   Section        0  bsp_eeprom.o(i.ReadDataFromFlash)
    i.ReadWriteScratchpad                    0x08005dac   Section        0  bsp_ds28e11.o(i.ReadWriteScratchpad)
    i.Read_Dev                               0x08005ed0   Section        0  func.o(i.Read_Dev)
    i.Read_Ex_Table                          0x08005fc4   Section        0  func.o(i.Read_Ex_Table)
    i.Read_Lock_Table                        0x080060f0   Section        0  func.o(i.Read_Lock_Table)
    i.Read_Pannel_Table                      0x080061d8   Section        0  func.o(i.Read_Pannel_Table)
    i.Read_RomID                             0x08006310   Section        0  bsp_ds28e11.o(i.Read_RomID)
    i.RegTimeClr                             0x08006368   Section        0  func.o(i.RegTimeClr)
    i.Remote_Key_Dis                         0x0800637c   Section        0  func.o(i.Remote_Key_Dis)
    i.Remote_Key_En                          0x0800646c   Section        0  func.o(i.Remote_Key_En)
    i.RxPacket                               0x08006560   Section        0  bsp_a7139.o(i.RxPacket)
    i.Secret_Verify                          0x080065cc   Section        0  func.o(i.Secret_Verify)
    i.SetChannelBIT                          0x080066c8   Section        0  my_queue_chl.o(i.SetChannelBIT)
    SetChannelBIT                            0x080066c9   Thumb Code   162  my_queue_chl.o(i.SetChannelBIT)
    i.SetSysClock                            0x0800676a   Section        0  system_stm32f10x.o(i.SetSysClock)
    SetSysClock                              0x0800676b   Thumb Code     8  system_stm32f10x.o(i.SetSysClock)
    i.SetSysClockTo72                        0x08006774   Section        0  system_stm32f10x.o(i.SetSysClockTo72)
    SetSysClockTo72                          0x08006775   Thumb Code   212  system_stm32f10x.o(i.SetSysClockTo72)
    i.Set_SDIO_Direction                     0x08006850   Section        0  bsp_a7139.o(i.Set_SDIO_Direction)
    i.StrobeCMD                              0x08006880   Section        0  bsp_a7139.o(i.StrobeCMD)
    i.SumCheck                               0x080068dc   Section        0  app_wireless.o(i.SumCheck)
    i.SysTick_Handler                        0x080068f8   Section        0  bsp_timer.o(i.SysTick_Handler)
    i.SysTick_ISR                            0x08006900   Section        0  bsp_timer.o(i.SysTick_ISR)
    i.SystemInit                             0x08006984   Section        0  system_stm32f10x.o(i.SystemInit)
    i.TIM2_IRQHandler                        0x080069e4   Section        0  bsp_timer.o(i.TIM2_IRQHandler)
    i.TIM_ClearITPendingBit                  0x08006a80   Section        0  stm32f10x_tim.o(i.TIM_ClearITPendingBit)
    i.TIM_Cmd                                0x08006a86   Section        0  stm32f10x_tim.o(i.TIM_Cmd)
    i.TIM_GetCounter                         0x08006a9e   Section        0  stm32f10x_tim.o(i.TIM_GetCounter)
    i.TIM_GetITStatus                        0x08006aa4   Section        0  stm32f10x_tim.o(i.TIM_GetITStatus)
    i.TIM_ITConfig                           0x08006ac6   Section        0  stm32f10x_tim.o(i.TIM_ITConfig)
    i.TIM_SetCompare1                        0x08006ad8   Section        0  stm32f10x_tim.o(i.TIM_SetCompare1)
    i.TIM_SetCompare2                        0x08006adc   Section        0  stm32f10x_tim.o(i.TIM_SetCompare2)
    i.TIM_SetCompare3                        0x08006ae0   Section        0  stm32f10x_tim.o(i.TIM_SetCompare3)
    i.TIM_SetCompare4                        0x08006ae4   Section        0  stm32f10x_tim.o(i.TIM_SetCompare4)
    i.TIM_TimeBaseInit                       0x08006aec   Section        0  stm32f10x_tim.o(i.TIM_TimeBaseInit)
    i.USART3_IRQHandler                      0x08006b90   Section        0  bsp_usart.o(i.USART3_IRQHandler)
    i.USART_ClearFlag                        0x08006be4   Section        0  stm32f10x_usart.o(i.USART_ClearFlag)
    i.USART_Cmd                              0x08006bf6   Section        0  stm32f10x_usart.o(i.USART_Cmd)
    i.USART_GetFlagStatus                    0x08006c0e   Section        0  stm32f10x_usart.o(i.USART_GetFlagStatus)
    i.USART_GetITStatus                      0x08006c28   Section        0  stm32f10x_usart.o(i.USART_GetITStatus)
    i.USART_ITConfig                         0x08006c7c   Section        0  stm32f10x_usart.o(i.USART_ITConfig)
    i.USART_Init                             0x08006cc8   Section        0  stm32f10x_usart.o(i.USART_Init)
    i.USART_ReceiveData                      0x08006da0   Section        0  stm32f10x_usart.o(i.USART_ReceiveData)
    i.USART_SendData                         0x08006daa   Section        0  stm32f10x_usart.o(i.USART_SendData)
    i.UsageFault_Handler                     0x08006db2   Section        0  stm32f10x_it.o(i.UsageFault_Handler)
    i.Wireless_Control_IR                    0x08006db8   Section        0  app_wireless.o(i.Wireless_Control_IR)
    i.Wireless_Dev_Action                    0x08006e88   Section        0  app_wireless.o(i.Wireless_Dev_Action)
    i.Wireless_Learn_Finish                  0x08006f8c   Section        0  app_wireless.o(i.Wireless_Learn_Finish)
    i.Wireless_Lock_Action                   0x08007060   Section        0  app_wireless.o(i.Wireless_Lock_Action)
    i.Wireless_Recv                          0x08007268   Section        0  app_wireless.o(i.Wireless_Recv)
    i.Wireless_Recv_Disable                  0x08007d0c   Section        0  app_wireless.o(i.Wireless_Recv_Disable)
    i.Wireless_Recv_IsRun                    0x08007d30   Section        0  app_wireless.o(i.Wireless_Recv_IsRun)
    i.Wireless_Send                          0x08007d50   Section        0  app_wireless.o(i.Wireless_Send)
    i.Wireless_Send_Check                    0x08007e60   Section        0  app_wireless.o(i.Wireless_Send_Check)
    i.WlLock_Learn_Finish                    0x08007e88   Section        0  app_wireless.o(i.WlLock_Learn_Finish)
    i.WriteDataToFlash                       0x08007f3c   Section        0  bsp_eeprom.o(i.WriteDataToFlash)
    i.WriteMemory                            0x08008004   Section        0  bsp_ds28e11.o(i.WriteMemory)
    i.Write_Dev                              0x08008120   Section        0  func.o(i.Write_Dev)
    i.Write_Ex_Table                         0x080081a8   Section        0  func.o(i.Write_Ex_Table)
    i.Write_Lock_Table                       0x080082d4   Section        0  func.o(i.Write_Lock_Table)
    i.Write_Pannel_Table                     0x08008420   Section        0  func.o(i.Write_Pannel_Table)
    i.__scatterload_copy                     0x080084b8   Section       14  handlers.o(i.__scatterload_copy)
    i.__scatterload_null                     0x080084c6   Section        2  handlers.o(i.__scatterload_null)
    i.__scatterload_zeroinit                 0x080084c8   Section       14  handlers.o(i.__scatterload_zeroinit)
    i.__set_PRIMASK                          0x080084d6   Section        0  func.o(i.__set_PRIMASK)
    __set_PRIMASK                            0x080084d7   Thumb Code     6  func.o(i.__set_PRIMASK)
    i.__set_PRIMASK                          0x080084dc   Section        0  bsp_timer.o(i.__set_PRIMASK)
    __set_PRIMASK                            0x080084dd   Thumb Code     6  bsp_timer.o(i.__set_PRIMASK)
    i.bsp_CheckTimer                         0x080084e4   Section        0  bsp_timer.o(i.bsp_CheckTimer)
    i.bsp_ClearMsg                           0x08008518   Section        0  bsp_msg.o(i.bsp_ClearMsg)
    i.bsp_DetectKey                          0x0800852c   Section        0  bsp_key.o(i.bsp_DetectKey)
    bsp_DetectKey                            0x0800852d   Thumb Code   198  bsp_key.o(i.bsp_DetectKey)
    i.bsp_EepromInit                         0x080085f8   Section        0  bsp_eeprom.o(i.bsp_EepromInit)
    i.bsp_GetKey                             0x08008678   Section        0  bsp_key.o(i.bsp_GetKey)
    i.bsp_GetMsg                             0x080086ac   Section        0  bsp_msg.o(i.bsp_GetMsg)
    i.bsp_Init                               0x080086f8   Section        0  bsp.o(i.bsp_Init)
    i.bsp_Init28E11                          0x08008728   Section        0  bsp_ds28e11.o(i.bsp_Init28E11)
    i.bsp_Init28E11Hard                      0x08008734   Section        0  bsp_ds28e11.o(i.bsp_Init28E11Hard)
    i.bsp_Init28E11Var                       0x08008760   Section        0  bsp_ds28e11.o(i.bsp_Init28E11Var)
    i.bsp_InitHardTimer                      0x0800878c   Section        0  bsp_timer.o(i.bsp_InitHardTimer)
    i.bsp_InitIwdg                           0x080087f4   Section        0  bsp_iwdg.o(i.bsp_InitIwdg)
    i.bsp_InitKey                            0x08008822   Section        0  bsp_key.o(i.bsp_InitKey)
    i.bsp_InitKeyHard                        0x08008830   Section        0  bsp_key.o(i.bsp_InitKeyHard)
    bsp_InitKeyHard                          0x08008831   Thumb Code    38  bsp_key.o(i.bsp_InitKeyHard)
    i.bsp_InitKeyVar                         0x0800885c   Section        0  bsp_key.o(i.bsp_InitKeyVar)
    bsp_InitKeyVar                           0x0800885d   Thumb Code    82  bsp_key.o(i.bsp_InitKeyVar)
    i.bsp_InitLed                            0x080088bc   Section        0  bsp_led.o(i.bsp_InitLed)
    i.bsp_InitMsg                            0x08008944   Section        0  bsp_msg.o(i.bsp_InitMsg)
    i.bsp_InitRF                             0x0800894c   Section        0  bsp_a7139.o(i.bsp_InitRF)
    i.bsp_InitTimer                          0x08008a58   Section        0  bsp_timer.o(i.bsp_InitTimer)
    i.bsp_InitUart                           0x08008af8   Section        0  bsp_usart.o(i.bsp_InitUart)
    i.bsp_KeyScan                            0x08008bd8   Section        0  bsp_key.o(i.bsp_KeyScan)
    i.bsp_LedOff                             0x08008bf0   Section        0  bsp_led.o(i.bsp_LedOff)
    i.bsp_LedOn                              0x08008c10   Section        0  bsp_led.o(i.bsp_LedOn)
    i.bsp_PutKey                             0x08008c30   Section        0  bsp_key.o(i.bsp_PutKey)
    i.bsp_PutMsg                             0x08008c50   Section        0  bsp_msg.o(i.bsp_PutMsg)
    i.bsp_RunPer10ms                         0x08008c88   Section        0  bsp.o(i.bsp_RunPer10ms)
    i.bsp_RunPer1ms                          0x08008c8a   Section        0  bsp.o(i.bsp_RunPer1ms)
    i.bsp_SoftTimerDec                       0x08008c96   Section        0  bsp_timer.o(i.bsp_SoftTimerDec)
    bsp_SoftTimerDec                         0x08008c97   Thumb Code    28  bsp_timer.o(i.bsp_SoftTimerDec)
    i.bsp_StartHardTimer                     0x08008cb4   Section        0  bsp_timer.o(i.bsp_StartHardTimer)
    i.bsp_StartTimer                         0x08008d7c   Section        0  bsp_timer.o(i.bsp_StartTimer)
    i.delay_nop                              0x08008dc8   Section        0  bsp_eeprom.o(i.delay_nop)
    delay_nop                                0x08008dc9   Thumb Code    16  bsp_eeprom.o(i.delay_nop)
    i.docrc16                                0x08008dd8   Section        0  bsp_ds28e11.o(i.docrc16)
    i.dowcrc                                 0x08008e44   Section        0  bsp_ds28e11.o(i.dowcrc)
    i.eep_delay10ms                          0x08008e64   Section        0  bsp_eeprom.o(i.eep_delay10ms)
    eep_delay10ms                            0x08008e65   Thumb Code    28  bsp_eeprom.o(i.eep_delay10ms)
    i.hSCH_Add_Task                          0x08008e80   Section        0  time_triggered.o(i.hSCH_Add_Task)
    i.hSCH_Dispatch_Tasks                    0x08008ee0   Section        0  time_triggered.o(i.hSCH_Dispatch_Tasks)
    i.hSCH_Task_Delete                       0x08008f3c   Section        0  time_triggered.o(i.hSCH_Task_Delete)
    i.hSCH_Update                            0x08008f80   Section        0  time_triggered.o(i.hSCH_Update)
    i.led_run                                0x08009020   Section        0  bsp_led.o(i.led_run)
    i.main                                   0x08009188   Section        0  main.o(i.main)
    i.ow_reset                               0x08009238   Section        0  bsp_ds28e11.o(i.ow_reset)
    i.read_bit                               0x0800927c   Section        0  bsp_ds28e11.o(i.read_bit)
    i.read_byte                              0x080092d0   Section        0  bsp_ds28e11.o(i.read_byte)
    i.taskRxProcess                          0x080092f4   Section        0  main.o(i.taskRxProcess)
    taskRxProcess                            0x080092f5   Thumb Code    58  main.o(i.taskRxProcess)
    i.wl_wakeup_frame                        0x08009338   Section        0  app_wireless.o(i.wl_wakeup_frame)
    i.write_bit                              0x08009358   Section        0  bsp_ds28e11.o(i.write_bit)
    i.write_byte                             0x08009394   Section        0  bsp_ds28e11.o(i.write_byte)
    .constdata                               0x080093b4   Section      116  bsp_a7139.o(.constdata)
    .data                                    0x20000000   Section       25  main.o(.data)
    cnt                                      0x20000000   Data           1  main.o(.data)
    t10ms                                    0x20000001   Data           1  main.o(.data)
    t100ms                                   0x20000002   Data           1  main.o(.data)
    ttest                                    0x20000003   Data           1  main.o(.data)
    .data                                    0x20000019   Section       68  app_it1.o(.data)
    send_step                                0x20000058   Data           1  app_it1.o(.data)
    index                                    0x20000059   Data           1  app_it1.o(.data)
    t_cnt                                    0x2000005a   Data           1  app_it1.o(.data)
    t_resend                                 0x2000005b   Data           1  app_it1.o(.data)
    t_offline                                0x2000005c   Data           1  app_it1.o(.data)
    .data                                    0x2000005d   Section       11  func.o(.data)
    tickbuf                                  0x2000005d   Data           8  func.o(.data)
    i                                        0x20000065   Data           1  func.o(.data)
    cnt                                      0x20000066   Data           1  func.o(.data)
    ret                                      0x20000067   Data           1  func.o(.data)
    .data                                    0x20000068   Section        5  app_wireless.o(.data)
    dis_tim                                  0x20000068   Data           1  app_wireless.o(.data)
    CC1101_ResetTime                         0x2000006a   Data           2  app_wireless.o(.data)
    step                                     0x2000006c   Data           1  app_wireless.o(.data)
    .data                                    0x2000006d   Section        1  time_triggered.o(.data)
    .data                                    0x20000070   Section       32  bsp_timer.o(.data)
    s_uiDelayCount                           0x20000070   Data           4  bsp_timer.o(.data)
    s_ucTimeOutFlag                          0x20000074   Data           1  bsp_timer.o(.data)
    s_count                                  0x2000007c   Data           1  bsp_timer.o(.data)
    s_TIM_CallBack1                          0x20000080   Data           4  bsp_timer.o(.data)
    s_TIM_CallBack2                          0x20000084   Data           4  bsp_timer.o(.data)
    s_TIM_CallBack3                          0x20000088   Data           4  bsp_timer.o(.data)
    s_TIM_CallBack4                          0x2000008c   Data           4  bsp_timer.o(.data)
    .data                                    0x20000090   Section        1  bsp_eeprom.o(.data)
    EEP_flag                                 0x20000090   Data           1  bsp_eeprom.o(.data)
    .data                                    0x20000094   Section        8  bsp_a7139.o(.data)
    init_err                                 0x20000094   Data           1  bsp_a7139.o(.data)
    WaitForTime                              0x20000095   Data           1  bsp_a7139.o(.data)
    WaitFlag                                 0x20000096   Data           1  bsp_a7139.o(.data)
    .data                                    0x2000009c   Section      699  bsp_ds28e11.o(.data)
    oddparity                                0x200002fc   Data          32  bsp_ds28e11.o(.data)
    .data                                    0x20000357   Section       20  stm32f10x_rcc.o(.data)
    APBAHBPrescTable                         0x20000357   Data          16  stm32f10x_rcc.o(.data)
    ADCPrescTable                            0x20000367   Data           4  stm32f10x_rcc.o(.data)
    .data                                    0x2000036c   Section       20  system_stm32f10x.o(.data)
    .bss                                     0x20000380   Section    12629  main.o(.bss)
    .bss                                     0x200034d5   Section      200  app_it1.o(.bss)
    t_buf                                    0x200034d5   Data         200  app_it1.o(.bss)
    .bss                                     0x2000359d   Section       50  func.o(.bss)
    buf                                      0x2000359d   Data          50  func.o(.bss)
    .bss                                     0x200035cf   Section       96  app_wireless.o(.bss)
    wl_frame                                 0x200035cf   Data          16  app_wireless.o(.bss)
    .bss                                     0x20003630   Section       64  time_triggered.o(.bss)
    .bss                                     0x20003670   Section       27  bsp_key.o(.bss)
    s_tBtn                                   0x20003670   Data          16  bsp_key.o(.bss)
    s_tKey                                   0x20003680   Data          11  bsp_key.o(.bss)
    .bss                                     0x2000368c   Section      108  bsp_timer.o(.bss)
    s_tTmr                                   0x2000368c   Data         108  bsp_timer.o(.bss)
    .bss                                     0x200036f8   Section       16  bsp_led.o(.bss)
    .bss                                     0x20003708   Section      201  bsp_usart.o(.bss)
    Rx                                       0x20003708   Data         201  bsp_usart.o(.bss)
    .bss                                     0x200037d4   Section      100  bsp_msg.o(.bss)
    STACK                                    0x20003838   Section     1024  startup_stm32f10x_md.o(STACK)

    Global Symbols

    Symbol Name                              Value     Ov Type        Size  Object(Section)

    BuildAttributes$$THM_ISAv4$P$D$K$B$S$PE$A:L22UL41UL21$X:L11$S22US41US21$IEEE1$IW$USESV6$~STKCKD$USESV7$~SHL$OSPACE$EBA8$MICROLIB$REQ8$PRES8$EABIv2 0x00000000   Number         0  anon$$obj.o ABSOLUTE
    __ARM_use_no_argv                        0x00000000   Number         0  main.o ABSOLUTE
    __cpp_initialize__aeabi_                  - Undefined Weak Reference
    __cxa_finalize                            - Undefined Weak Reference
    _clock_init                               - Undefined Weak Reference
    _microlib_exit                            - Undefined Weak Reference
    __Vectors_Size                           0x000000ec   Number         0  startup_stm32f10x_md.o ABSOLUTE
    __Vectors                                0x08001800   Data           4  startup_stm32f10x_md.o(RESET)
    __Vectors_End                            0x080018ec   Data           0  startup_stm32f10x_md.o(RESET)
    __main                                   0x080018ed   Thumb Code     0  entry.o(.ARM.Collect$$$$00000000)
    _main_stk                                0x080018ed   Thumb Code     0  entry2.o(.ARM.Collect$$$$00000001)
    _main_scatterload                        0x080018f1   Thumb Code     0  entry5.o(.ARM.Collect$$$$00000004)
    __main_after_scatterload                 0x080018f5   Thumb Code     0  entry5.o(.ARM.Collect$$$$00000004)
    _main_clock                              0x080018f5   Thumb Code     0  entry7b.o(.ARM.Collect$$$$00000008)
    _main_cpp_init                           0x080018f5   Thumb Code     0  entry8b.o(.ARM.Collect$$$$0000000A)
    _main_init                               0x080018f5   Thumb Code     0  entry9a.o(.ARM.Collect$$$$0000000B)
    __rt_final_cpp                           0x080018fd   Thumb Code     0  entry10a.o(.ARM.Collect$$$$0000000D)
    __rt_final_exit                          0x080018fd   Thumb Code     0  entry11a.o(.ARM.Collect$$$$0000000F)
    Reset_Handler                            0x08001901   Thumb Code     8  startup_stm32f10x_md.o(.text)
    SVC_Handler                              0x08001913   Thumb Code     2  startup_stm32f10x_md.o(.text)
    PendSV_Handler                           0x08001917   Thumb Code     2  startup_stm32f10x_md.o(.text)
    ADC1_2_IRQHandler                        0x0800191b   Thumb Code     0  startup_stm32f10x_md.o(.text)
    CAN1_RX1_IRQHandler                      0x0800191b   Thumb Code     0  startup_stm32f10x_md.o(.text)
    CAN1_SCE_IRQHandler                      0x0800191b   Thumb Code     0  startup_stm32f10x_md.o(.text)
    DMA1_Channel1_IRQHandler                 0x0800191b   Thumb Code     0  startup_stm32f10x_md.o(.text)
    DMA1_Channel2_IRQHandler                 0x0800191b   Thumb Code     0  startup_stm32f10x_md.o(.text)
    DMA1_Channel3_IRQHandler                 0x0800191b   Thumb Code     0  startup_stm32f10x_md.o(.text)
    DMA1_Channel4_IRQHandler                 0x0800191b   Thumb Code     0  startup_stm32f10x_md.o(.text)
    DMA1_Channel5_IRQHandler                 0x0800191b   Thumb Code     0  startup_stm32f10x_md.o(.text)
    DMA1_Channel6_IRQHandler                 0x0800191b   Thumb Code     0  startup_stm32f10x_md.o(.text)
    DMA1_Channel7_IRQHandler                 0x0800191b   Thumb Code     0  startup_stm32f10x_md.o(.text)
    EXTI0_IRQHandler                         0x0800191b   Thumb Code     0  startup_stm32f10x_md.o(.text)
    EXTI15_10_IRQHandler                     0x0800191b   Thumb Code     0  startup_stm32f10x_md.o(.text)
    EXTI1_IRQHandler                         0x0800191b   Thumb Code     0  startup_stm32f10x_md.o(.text)
    EXTI2_IRQHandler                         0x0800191b   Thumb Code     0  startup_stm32f10x_md.o(.text)
    EXTI3_IRQHandler                         0x0800191b   Thumb Code     0  startup_stm32f10x_md.o(.text)
    EXTI4_IRQHandler                         0x0800191b   Thumb Code     0  startup_stm32f10x_md.o(.text)
    EXTI9_5_IRQHandler                       0x0800191b   Thumb Code     0  startup_stm32f10x_md.o(.text)
    FLASH_IRQHandler                         0x0800191b   Thumb Code     0  startup_stm32f10x_md.o(.text)
    I2C1_ER_IRQHandler                       0x0800191b   Thumb Code     0  startup_stm32f10x_md.o(.text)
    I2C1_EV_IRQHandler                       0x0800191b   Thumb Code     0  startup_stm32f10x_md.o(.text)
    I2C2_ER_IRQHandler                       0x0800191b   Thumb Code     0  startup_stm32f10x_md.o(.text)
    I2C2_EV_IRQHandler                       0x0800191b   Thumb Code     0  startup_stm32f10x_md.o(.text)
    PVD_IRQHandler                           0x0800191b   Thumb Code     0  startup_stm32f10x_md.o(.text)
    RCC_IRQHandler                           0x0800191b   Thumb Code     0  startup_stm32f10x_md.o(.text)
    RTCAlarm_IRQHandler                      0x0800191b   Thumb Code     0  startup_stm32f10x_md.o(.text)
    RTC_IRQHandler                           0x0800191b   Thumb Code     0  startup_stm32f10x_md.o(.text)
    SPI1_IRQHandler                          0x0800191b   Thumb Code     0  startup_stm32f10x_md.o(.text)
    SPI2_IRQHandler                          0x0800191b   Thumb Code     0  startup_stm32f10x_md.o(.text)
    TAMPER_IRQHandler                        0x0800191b   Thumb Code     0  startup_stm32f10x_md.o(.text)
    TIM1_BRK_IRQHandler                      0x0800191b   Thumb Code     0  startup_stm32f10x_md.o(.text)
    TIM1_CC_IRQHandler                       0x0800191b   Thumb Code     0  startup_stm32f10x_md.o(.text)
    TIM1_TRG_COM_IRQHandler                  0x0800191b   Thumb Code     0  startup_stm32f10x_md.o(.text)
    TIM1_UP_IRQHandler                       0x0800191b   Thumb Code     0  startup_stm32f10x_md.o(.text)
    TIM3_IRQHandler                          0x0800191b   Thumb Code     0  startup_stm32f10x_md.o(.text)
    TIM4_IRQHandler                          0x0800191b   Thumb Code     0  startup_stm32f10x_md.o(.text)
    USART1_IRQHandler                        0x0800191b   Thumb Code     0  startup_stm32f10x_md.o(.text)
    USART2_IRQHandler                        0x0800191b   Thumb Code     0  startup_stm32f10x_md.o(.text)
    USBWakeUp_IRQHandler                     0x0800191b   Thumb Code     0  startup_stm32f10x_md.o(.text)
    USB_HP_CAN1_TX_IRQHandler                0x0800191b   Thumb Code     0  startup_stm32f10x_md.o(.text)
    USB_LP_CAN1_RX0_IRQHandler               0x0800191b   Thumb Code     0  startup_stm32f10x_md.o(.text)
    WWDG_IRQHandler                          0x0800191b   Thumb Code     0  startup_stm32f10x_md.o(.text)
    __aeabi_memcpy                           0x08001925   Thumb Code    36  memcpya.o(.text)
    __aeabi_memcpy4                          0x08001925   Thumb Code     0  memcpya.o(.text)
    __aeabi_memcpy8                          0x08001925   Thumb Code     0  memcpya.o(.text)
    __scatterload                            0x08001949   Thumb Code    28  init.o(.text)
    __scatterload_rt2                        0x08001949   Thumb Code     0  init.o(.text)
    __decompress                             0x0800196d   Thumb Code     0  __dczerorl2.o(.text)
    __decompress1                            0x0800196d   Thumb Code    92  __dczerorl2.o(.text)
    A7129_Cal                                0x080019c9   Thumb Code   298  bsp_a7139.o(i.A7129_Cal)
    A7129_Config                             0x08001af9   Thumb Code   120  bsp_a7139.o(i.A7129_Config)
    A7129_ReadPageA                          0x08001b7d   Thumb Code    36  bsp_a7139.o(i.A7129_ReadPageA)
    A7129_ReadReg                            0x08001ba5   Thumb Code   170  bsp_a7139.o(i.A7129_ReadReg)
    A7129_WriteFIFO                          0x08001c55   Thumb Code    60  bsp_a7139.o(i.A7129_WriteFIFO)
    A7129_WriteID                            0x08001c95   Thumb Code   132  bsp_a7139.o(i.A7129_WriteID)
    A7129_WritePageA                         0x08001d21   Thumb Code    36  bsp_a7139.o(i.A7129_WritePageA)
    A7129_WritePageB                         0x08001d49   Thumb Code    36  bsp_a7139.o(i.A7129_WritePageB)
    A7129_WriteReg                           0x08001d71   Thumb Code   154  bsp_a7139.o(i.A7129_WriteReg)
    A7139_Delay10us                          0x08001e11   Thumb Code    22  bsp_a7139.o(i.A7139_Delay10us)
    AppTask_BusMonitor                       0x08001e29   Thumb Code    66  main.o(i.AppTask_BusMonitor)
    AppTask_RivalrySend                      0x08001e75   Thumb Code     8  main.o(i.AppTask_RivalrySend)
    Bsp_Get_UsartData                        0x08002135   Thumb Code    54  bsp_usart.o(i.Bsp_Get_UsartData)
    BusFault_Handler                         0x08002171   Thumb Code     4  stm32f10x_it.o(i.BusFault_Handler)
    ByteRead                                 0x08002175   Thumb Code    76  bsp_a7139.o(i.ByteRead)
    ByteSend                                 0x080021c5   Thumb Code    70  bsp_a7139.o(i.ByteSend)
    Check_Frame_Interval                     0x08002211   Thumb Code    56  main.o(i.Check_Frame_Interval)
    Check_SelfSend                           0x08002251   Thumb Code   132  func.o(i.Check_SelfSend)
    Check_Wireless_Addr                      0x080022d9   Thumb Code   132  app_wireless.o(i.Check_Wireless_Addr)
    Check_WlLock_Addr                        0x08002361   Thumb Code    82  app_wireless.o(i.Check_WlLock_Addr)
    CompareSync                              0x0800245d   Thumb Code   216  func.o(i.CompareSync)
    ComposePacket                            0x0800253d   Thumb Code    32  func.o(i.ComposePacket)
    ComposePacketFromDS28E02                 0x08002561   Thumb Code    84  func.o(i.ComposePacketFromDS28E02)
    ComputeAndReadPageMAC                    0x080025b5   Thumb Code   274  bsp_ds28e11.o(i.ComputeAndReadPageMAC)
    Crc8CheckSum                             0x080026cd   Thumb Code    64  func.o(i.Crc8CheckSum)
    DSSS_MODE                                0x0800270d   Thumb Code    74  bsp_a7139.o(i.DSSS_MODE)
    DeQueueBuf                               0x0800275d   Thumb Code    20  my_queue_chl.o(i.DeQueueBuf)
    DebugMon_Handler                         0x08002771   Thumb Code     2  stm32f10x_it.o(i.DebugMon_Handler)
    Delay_us                                 0x08002773   Thumb Code    22  bsp_ds28e11.o(i.Delay_us)
    Dev_Init                                 0x08002789   Thumb Code   488  func.o(i.Dev_Init)
    DlyEvent_handle                          0x0800299d   Thumb Code    66  func.o(i.DlyEvent_handle)
    EnQueueBuf                               0x080029e5   Thumb Code    20  my_queue_chl.o(i.EnQueueBuf)
    Err_State                                0x080029f9   Thumb Code     8  bsp_a7139.o(i.Err_State)
    GPIO_Init                                0x08002aa9   Thumb Code   274  stm32f10x_gpio.o(i.GPIO_Init)
    GPIO_PinRemapConfig                      0x08002bbd   Thumb Code   138  stm32f10x_gpio.o(i.GPIO_PinRemapConfig)
    GPIO_ReadInputDataBit                    0x08002c4d   Thumb Code    18  stm32f10x_gpio.o(i.GPIO_ReadInputDataBit)
    GPIO_ResetBits                           0x08002c5f   Thumb Code     4  stm32f10x_gpio.o(i.GPIO_ResetBits)
    GPIO_SetBits                             0x08002c63   Thumb Code     4  stm32f10x_gpio.o(i.GPIO_SetBits)
    GetQueue_InQ                             0x08002c67   Thumb Code    24  my_queue_chl.o(i.GetQueue_InQ)
    GetQueue_OutQ                            0x08002c7f   Thumb Code    80  my_queue_chl.o(i.GetQueue_OutQ)
    GetRandTime                              0x08002cd1   Thumb Code    52  func.o(i.GetRandTime)
    GetSecret                                0x08002d09   Thumb Code    26  func.o(i.GetSecret)
    Get_SerialNum                            0x08002d25   Thumb Code    84  func.o(i.Get_SerialNum)
    HardFault_Handler                        0x08002d7d   Thumb Code    38  stm32f10x_it.o(i.HardFault_Handler)
    I2C_SDA_IO_SET                           0x08002e55   Thumb Code    60  bsp_eeprom.o(i.I2C_SDA_IO_SET)
    I2C_WP_SET                               0x08002f31   Thumb Code    26  bsp_eeprom.o(i.I2C_WP_SET)
    IT1_AddressSetting                       0x08003001   Thumb Code   222  app_it1.o(i.IT1_AddressSetting)
    IT1_DevPara_Report                       0x080030f9   Thumb Code   312  app_it1.o(i.IT1_DevPara_Report)
    IT1_Dev_Declare                          0x08003241   Thumb Code   174  app_it1.o(i.IT1_Dev_Declare)
    IT1_Dev_Register                         0x080032fd   Thumb Code   162  app_it1.o(i.IT1_Dev_Register)
    IT1_Dev_StuLoad                          0x080033a9   Thumb Code   606  app_it1.o(i.IT1_Dev_StuLoad)
    IT1_Dlytime_Handle                       0x08003619   Thumb Code   100  app_it1.o(i.IT1_Dlytime_Handle)
    IT1_Function_BroadCast                   0x08003685   Thumb Code   184  app_it1.o(i.IT1_Function_BroadCast)
    IT1_Function_CMD                         0x08003749   Thumb Code   186  app_it1.o(i.IT1_Function_CMD)
    IT1_Function_Date                        0x08003811   Thumb Code  1152  app_it1.o(i.IT1_Function_Date)
    IT1_Function_Modfiy                      0x08003c99   Thumb Code   118  app_it1.o(i.IT1_Function_Modfiy)
    IT1_Function_Setup                       0x08003d15   Thumb Code   438  app_it1.o(i.IT1_Function_Setup)
    IT1_IR_DEL                               0x08003ee5   Thumb Code   104  app_it1.o(i.IT1_IR_DEL)
    IT1_IR_LoadToWireless                    0x08003f59   Thumb Code   552  app_it1.o(i.IT1_IR_LoadToWireless)
    IT1_IR_Setup                             0x0800418d   Thumb Code   448  app_it1.o(i.IT1_IR_Setup)
    IT1_IR_UnLoadToWireless                  0x08004355   Thumb Code   192  app_it1.o(i.IT1_IR_UnLoadToWireless)
    IT1_IrDel_Report                         0x08004421   Thumb Code   118  app_it1.o(i.IT1_IrDel_Report)
    IT1_IrSetup_Report                       0x080044a5   Thumb Code   268  app_it1.o(i.IT1_IrSetup_Report)
    IT1_Key_DataLoad                         0x080045bd   Thumb Code   400  app_it1.o(i.IT1_Key_DataLoad)
    IT1_LearnLock                            0x0800475d   Thumb Code    38  app_it1.o(i.IT1_LearnLock)
    IT1_LoadInfo_Report                      0x0800478d   Thumb Code   202  app_it1.o(i.IT1_LoadInfo_Report)
    IT1_Load_RS485_Ack                       0x0800486d   Thumb Code   118  app_it1.o(i.IT1_Load_RS485_Ack)
    IT1_Load_RS485_InfoReport                0x080048ed   Thumb Code   120  app_it1.o(i.IT1_Load_RS485_InfoReport)
    IT1_Lock_DataLoad                        0x08004971   Thumb Code   476  app_it1.o(i.IT1_Lock_DataLoad)
    IT1_Modify_Type                          0x08004b5d   Thumb Code    92  app_it1.o(i.IT1_Modify_Type)
    IT1_PROGRAM_Uadata                       0x08004bc1   Thumb Code    62  app_it1.o(i.IT1_PROGRAM_Uadata)
    IT1_ParseFrame                           0x08004c09   Thumb Code   364  app_it1.o(i.IT1_ParseFrame)
    IT1_PraseASK                             0x08004d81   Thumb Code   130  app_it1.o(i.IT1_PraseASK)
    IT1_RS4852Wireless                       0x08004e15   Thumb Code    76  app_it1.o(i.IT1_RS4852Wireless)
    IT1_RS485_Report                         0x08004e61   Thumb Code   182  app_it1.o(i.IT1_RS485_Report)
    IT1_RS485_StuLoad                        0x08004f25   Thumb Code   128  app_it1.o(i.IT1_RS485_StuLoad)
    IT1_SendData                             0x08004fad   Thumb Code   676  app_it1.o(i.IT1_SendData)
    IT1_Sensor_DataLoad                      0x08005275   Thumb Code   210  app_it1.o(i.IT1_Sensor_DataLoad)
    IT1_Turn_DataLoad                        0x08005359   Thumb Code   290  app_it1.o(i.IT1_Turn_DataLoad)
    IT1_Wireless2RS485                       0x0800548d   Thumb Code    98  app_it1.o(i.IT1_Wireless2RS485)
    IWDG_Enable                              0x080054f1   Thumb Code    10  stm32f10x_iwdg.o(i.IWDG_Enable)
    IWDG_Feed                                0x08005501   Thumb Code     8  bsp_iwdg.o(i.IWDG_Feed)
    IWDG_ReloadCounter                       0x08005509   Thumb Code    10  stm32f10x_iwdg.o(i.IWDG_ReloadCounter)
    IWDG_SetPrescaler                        0x08005519   Thumb Code     6  stm32f10x_iwdg.o(i.IWDG_SetPrescaler)
    IWDG_SetReload                           0x08005525   Thumb Code     6  stm32f10x_iwdg.o(i.IWDG_SetReload)
    IWDG_WriteAccessCmd                      0x08005531   Thumb Code     6  stm32f10x_iwdg.o(i.IWDG_WriteAccessCmd)
    InfoDecode                               0x0800553d   Thumb Code    38  func.o(i.InfoDecode)
    InfoEncode                               0x08005563   Thumb Code    38  func.o(i.InfoEncode)
    InitQueueBUF                             0x08005589   Thumb Code     8  my_queue_chl.o(i.InitQueueBUF)
    Init_Ex_Table                            0x08005591   Thumb Code   112  func.o(i.Init_Ex_Table)
    Init_Lock_Table                          0x08005605   Thumb Code   200  func.o(i.Init_Lock_Table)
    Init_Pannel_Table                        0x080056d5   Thumb Code    86  func.o(i.Init_Pannel_Table)
    Ir_Config_Add                            0x08005735   Thumb Code    76  func.o(i.Ir_Config_Add)
    Ir_Config_Del                            0x08005789   Thumb Code    76  func.o(i.Ir_Config_Del)
    IsQueueBufEmpty                          0x080057f9   Thumb Code    14  my_queue_chl.o(i.IsQueueBufEmpty)
    Led_set                                  0x08005809   Thumb Code   120  bsp_led.o(i.Led_set)
    MemManage_Handler                        0x08005885   Thumb Code     4  stm32f10x_it.o(i.MemManage_Handler)
    Msg_hanndle                              0x08005889   Thumb Code   112  func.o(i.Msg_hanndle)
    My_NOP                                   0x080058fd   Thumb Code    14  bsp_a7139.o(i.My_NOP)
    NMI_Handler                              0x0800590b   Thumb Code     2  stm32f10x_it.o(i.NMI_Handler)
    NVIC_Init                                0x0800590d   Thumb Code   102  misc.o(i.NVIC_Init)
    NVIC_PriorityGroupConfig                 0x08005981   Thumb Code    10  misc.o(i.NVIC_PriorityGroupConfig)
    NVIC_SetVectorTable                      0x08005995   Thumb Code    12  misc.o(i.NVIC_SetVectorTable)
    One_Wire_IO_Direction                    0x080059a9   Thumb Code    62  bsp_ds28e11.o(i.One_Wire_IO_Direction)
    Pannel_Table_Refresh                     0x080059ed   Thumb Code    58  func.o(i.Pannel_Table_Refresh)
    RCC_APB1PeriphClockCmd                   0x08005a2d   Thumb Code    26  stm32f10x_rcc.o(i.RCC_APB1PeriphClockCmd)
    RCC_APB2PeriphClockCmd                   0x08005a4d   Thumb Code    26  stm32f10x_rcc.o(i.RCC_APB2PeriphClockCmd)
    RCC_ClearFlag                            0x08005a6d   Thumb Code    14  stm32f10x_rcc.o(i.RCC_ClearFlag)
    RCC_GetClocksFreq                        0x08005a81   Thumb Code   192  stm32f10x_rcc.o(i.RCC_GetClocksFreq)
    RCC_GetFlagStatus                        0x08005b55   Thumb Code    56  stm32f10x_rcc.o(i.RCC_GetFlagStatus)
    RF_RX                                    0x08005b91   Thumb Code    38  bsp_a7139.o(i.RF_RX)
    RF_TX                                    0x08005bbd   Thumb Code   102  bsp_a7139.o(i.RF_TX)
    RF_TX1                                   0x08005c29   Thumb Code   112  bsp_a7139.o(i.RF_TX1)
    RS485_Send                               0x08005ca1   Thumb Code    92  bsp_usart.o(i.RS485_Send)
    ReadDataFromFlash                        0x08005d05   Thumb Code   162  bsp_eeprom.o(i.ReadDataFromFlash)
    ReadWriteScratchpad                      0x08005dad   Thumb Code   288  bsp_ds28e11.o(i.ReadWriteScratchpad)
    Read_Dev                                 0x08005ed1   Thumb Code   244  func.o(i.Read_Dev)
    Read_Ex_Table                            0x08005fc5   Thumb Code   292  func.o(i.Read_Ex_Table)
    Read_Lock_Table                          0x080060f1   Thumb Code   226  func.o(i.Read_Lock_Table)
    Read_Pannel_Table                        0x080061d9   Thumb Code   306  func.o(i.Read_Pannel_Table)
    Read_RomID                               0x08006311   Thumb Code    82  bsp_ds28e11.o(i.Read_RomID)
    RegTimeClr                               0x08006369   Thumb Code    16  func.o(i.RegTimeClr)
    Remote_Key_Dis                           0x0800637d   Thumb Code   232  func.o(i.Remote_Key_Dis)
    Remote_Key_En                            0x0800646d   Thumb Code   234  func.o(i.Remote_Key_En)
    RxPacket                                 0x08006561   Thumb Code   104  bsp_a7139.o(i.RxPacket)
    Secret_Verify                            0x080065cd   Thumb Code   234  func.o(i.Secret_Verify)
    Set_SDIO_Direction                       0x08006851   Thumb Code    42  bsp_a7139.o(i.Set_SDIO_Direction)
    StrobeCMD                                0x08006881   Thumb Code    86  bsp_a7139.o(i.StrobeCMD)
    SumCheck                                 0x080068dd   Thumb Code    28  app_wireless.o(i.SumCheck)
    SysTick_Handler                          0x080068f9   Thumb Code     8  bsp_timer.o(i.SysTick_Handler)
    SysTick_ISR                              0x08006901   Thumb Code   110  bsp_timer.o(i.SysTick_ISR)
    SystemInit                               0x08006985   Thumb Code    78  system_stm32f10x.o(i.SystemInit)
    TIM2_IRQHandler                          0x080069e5   Thumb Code   140  bsp_timer.o(i.TIM2_IRQHandler)
    TIM_ClearITPendingBit                    0x08006a81   Thumb Code     6  stm32f10x_tim.o(i.TIM_ClearITPendingBit)
    TIM_Cmd                                  0x08006a87   Thumb Code    24  stm32f10x_tim.o(i.TIM_Cmd)
    TIM_GetCounter                           0x08006a9f   Thumb Code     6  stm32f10x_tim.o(i.TIM_GetCounter)
    TIM_GetITStatus                          0x08006aa5   Thumb Code    34  stm32f10x_tim.o(i.TIM_GetITStatus)
    TIM_ITConfig                             0x08006ac7   Thumb Code    18  stm32f10x_tim.o(i.TIM_ITConfig)
    TIM_SetCompare1                          0x08006ad9   Thumb Code     4  stm32f10x_tim.o(i.TIM_SetCompare1)
    TIM_SetCompare2                          0x08006add   Thumb Code     4  stm32f10x_tim.o(i.TIM_SetCompare2)
    TIM_SetCompare3                          0x08006ae1   Thumb Code     4  stm32f10x_tim.o(i.TIM_SetCompare3)
    TIM_SetCompare4                          0x08006ae5   Thumb Code     6  stm32f10x_tim.o(i.TIM_SetCompare4)
    TIM_TimeBaseInit                         0x08006aed   Thumb Code   122  stm32f10x_tim.o(i.TIM_TimeBaseInit)
    USART3_IRQHandler                        0x08006b91   Thumb Code    70  bsp_usart.o(i.USART3_IRQHandler)
    USART_ClearFlag                          0x08006be5   Thumb Code    18  stm32f10x_usart.o(i.USART_ClearFlag)
    USART_Cmd                                0x08006bf7   Thumb Code    24  stm32f10x_usart.o(i.USART_Cmd)
    USART_GetFlagStatus                      0x08006c0f   Thumb Code    26  stm32f10x_usart.o(i.USART_GetFlagStatus)
    USART_GetITStatus                        0x08006c29   Thumb Code    84  stm32f10x_usart.o(i.USART_GetITStatus)
    USART_ITConfig                           0x08006c7d   Thumb Code    74  stm32f10x_usart.o(i.USART_ITConfig)
    USART_Init                               0x08006cc9   Thumb Code   210  stm32f10x_usart.o(i.USART_Init)
    USART_ReceiveData                        0x08006da1   Thumb Code    10  stm32f10x_usart.o(i.USART_ReceiveData)
    USART_SendData                           0x08006dab   Thumb Code     8  stm32f10x_usart.o(i.USART_SendData)
    UsageFault_Handler                       0x08006db3   Thumb Code     4  stm32f10x_it.o(i.UsageFault_Handler)
    Wireless_Control_IR                      0x08006db9   Thumb Code   194  app_wireless.o(i.Wireless_Control_IR)
    Wireless_Dev_Action                      0x08006e89   Thumb Code   246  app_wireless.o(i.Wireless_Dev_Action)
    Wireless_Learn_Finish                    0x08006f8d   Thumb Code   194  app_wireless.o(i.Wireless_Learn_Finish)
    Wireless_Lock_Action                     0x08007061   Thumb Code   504  app_wireless.o(i.Wireless_Lock_Action)
    Wireless_Recv                            0x08007269   Thumb Code  2690  app_wireless.o(i.Wireless_Recv)
    Wireless_Recv_Disable                    0x08007d0d   Thumb Code    28  app_wireless.o(i.Wireless_Recv_Disable)
    Wireless_Recv_IsRun                      0x08007d31   Thumb Code    28  app_wireless.o(i.Wireless_Recv_IsRun)
    Wireless_Send                            0x08007d51   Thumb Code   262  app_wireless.o(i.Wireless_Send)
    Wireless_Send_Check                      0x08007e61   Thumb Code    36  app_wireless.o(i.Wireless_Send_Check)
    WlLock_Learn_Finish                      0x08007e89   Thumb Code   162  app_wireless.o(i.WlLock_Learn_Finish)
    WriteDataToFlash                         0x08007f3d   Thumb Code   194  bsp_eeprom.o(i.WriteDataToFlash)
    WriteMemory                              0x08008005   Thumb Code   278  bsp_ds28e11.o(i.WriteMemory)
    Write_Dev                                0x08008121   Thumb Code   134  func.o(i.Write_Dev)
    Write_Ex_Table                           0x080081a9   Thumb Code   290  func.o(i.Write_Ex_Table)
    Write_Lock_Table                         0x080082d5   Thumb Code   322  func.o(i.Write_Lock_Table)
    Write_Pannel_Table                       0x08008421   Thumb Code   146  func.o(i.Write_Pannel_Table)
    __scatterload_copy                       0x080084b9   Thumb Code    14  handlers.o(i.__scatterload_copy)
    __scatterload_null                       0x080084c7   Thumb Code     2  handlers.o(i.__scatterload_null)
    __scatterload_zeroinit                   0x080084c9   Thumb Code    14  handlers.o(i.__scatterload_zeroinit)
    bsp_CheckTimer                           0x080084e5   Thumb Code    48  bsp_timer.o(i.bsp_CheckTimer)
    bsp_ClearMsg                             0x08008519   Thumb Code    14  bsp_msg.o(i.bsp_ClearMsg)
    bsp_EepromInit                           0x080085f9   Thumb Code   116  bsp_eeprom.o(i.bsp_EepromInit)
    bsp_GetKey                               0x08008679   Thumb Code    46  bsp_key.o(i.bsp_GetKey)
    bsp_GetMsg                               0x080086ad   Thumb Code    70  bsp_msg.o(i.bsp_GetMsg)
    bsp_Init                                 0x080086f9   Thumb Code    48  bsp.o(i.bsp_Init)
    bsp_Init28E11                            0x08008729   Thumb Code    12  bsp_ds28e11.o(i.bsp_Init28E11)
    bsp_Init28E11Hard                        0x08008735   Thumb Code    38  bsp_ds28e11.o(i.bsp_Init28E11Hard)
    bsp_Init28E11Var                         0x08008761   Thumb Code    44  bsp_ds28e11.o(i.bsp_Init28E11Var)
    bsp_InitHardTimer                        0x0800878d   Thumb Code    96  bsp_timer.o(i.bsp_InitHardTimer)
    bsp_InitIwdg                             0x080087f5   Thumb Code    46  bsp_iwdg.o(i.bsp_InitIwdg)
    bsp_InitKey                              0x08008823   Thumb Code    12  bsp_key.o(i.bsp_InitKey)
    bsp_InitLed                              0x080088bd   Thumb Code   126  bsp_led.o(i.bsp_InitLed)
    bsp_InitMsg                              0x08008945   Thumb Code     8  bsp_msg.o(i.bsp_InitMsg)
    bsp_InitRF                               0x0800894d   Thumb Code   254  bsp_a7139.o(i.bsp_InitRF)
    bsp_InitTimer                            0x08008a59   Thumb Code   142  bsp_timer.o(i.bsp_InitTimer)
    bsp_InitUart                             0x08008af9   Thumb Code   216  bsp_usart.o(i.bsp_InitUart)
    bsp_KeyScan                              0x08008bd9   Thumb Code    22  bsp_key.o(i.bsp_KeyScan)
    bsp_LedOff                               0x08008bf1   Thumb Code    26  bsp_led.o(i.bsp_LedOff)
    bsp_LedOn                                0x08008c11   Thumb Code    26  bsp_led.o(i.bsp_LedOn)
    bsp_PutKey                               0x08008c31   Thumb Code    28  bsp_key.o(i.bsp_PutKey)
    bsp_PutMsg                               0x08008c51   Thumb Code    50  bsp_msg.o(i.bsp_PutMsg)
    bsp_RunPer10ms                           0x08008c89   Thumb Code     2  bsp.o(i.bsp_RunPer10ms)
    bsp_RunPer1ms                            0x08008c8b   Thumb Code    12  bsp.o(i.bsp_RunPer1ms)
    bsp_StartHardTimer                       0x08008cb5   Thumb Code   184  bsp_timer.o(i.bsp_StartHardTimer)
    bsp_StartTimer                           0x08008d7d   Thumb Code    70  bsp_timer.o(i.bsp_StartTimer)
    docrc16                                  0x08008dd9   Thumb Code    98  bsp_ds28e11.o(i.docrc16)
    dowcrc                                   0x08008e45   Thumb Code    22  bsp_ds28e11.o(i.dowcrc)
    hSCH_Add_Task                            0x08008e81   Thumb Code    88  time_triggered.o(i.hSCH_Add_Task)
    hSCH_Dispatch_Tasks                      0x08008ee1   Thumb Code    86  time_triggered.o(i.hSCH_Dispatch_Tasks)
    hSCH_Task_Delete                         0x08008f3d   Thumb Code    60  time_triggered.o(i.hSCH_Task_Delete)
    hSCH_Update                              0x08008f81   Thumb Code   156  time_triggered.o(i.hSCH_Update)
    led_run                                  0x08009021   Thumb Code   354  bsp_led.o(i.led_run)
    main                                     0x08009189   Thumb Code   150  main.o(i.main)
    ow_reset                                 0x08009239   Thumb Code    62  bsp_ds28e11.o(i.ow_reset)
    read_bit                                 0x0800927d   Thumb Code    80  bsp_ds28e11.o(i.read_bit)
    read_byte                                0x080092d1   Thumb Code    34  bsp_ds28e11.o(i.read_byte)
    wl_wakeup_frame                          0x08009339   Thumb Code    32  app_wireless.o(i.wl_wakeup_frame)
    write_bit                                0x08009359   Thumb Code    56  bsp_ds28e11.o(i.write_bit)
    write_byte                               0x08009395   Thumb Code    32  bsp_ds28e11.o(i.write_byte)
    ID_Tab                                   0x080093b4   Data           8  bsp_a7139.o(.constdata)
    RCOSC_TGNUM                              0x080093bc   Data           2  bsp_a7139.o(.constdata)
    A7129Config                              0x080093be   Data          32  bsp_a7139.o(.constdata)
    A7129Config_PageA                        0x080093de   Data          32  bsp_a7139.o(.constdata)
    A7129Config_PageB                        0x080093fe   Data          42  bsp_a7139.o(.constdata)
    Region$$Table$$Base                      0x08009428   Number         0  anon$$obj.o(Region$$Table)
    Region$$Table$$Limit                     0x08009448   Number         0  anon$$obj.o(Region$$Table)
    Reg                                      0x20000004   Data           6  main.o(.data)
    IT2_INFO                                 0x2000000a   Data           8  main.o(.data)
    Time                                     0x20000012   Data           7  main.o(.data)
    DEV_INFO                                 0x20000019   Data          21  app_it1.o(.data)
    DEV_INFO_1                               0x2000002e   Data          21  app_it1.o(.data)
    DEV_INFO_2                               0x20000043   Data          21  app_it1.o(.data)
    Error_code_G                             0x2000006d   Data           1  time_triggered.o(.data)
    g_iRunTime                               0x20000078   Data           4  bsp_timer.o(.data)
    RSSI                                     0x20000098   Data           4  bsp_a7139.o(.data)
    SHA_256_Initial                          0x2000009c   Data          32  bsp_ds28e11.o(.data)
    SHA_CONSTANTS                            0x200000bc   Data         320  bsp_ds28e11.o(.data)
    dscrc_table                              0x200001fc   Data         256  bsp_ds28e11.o(.data)
    reverse_endian                           0x2000031c   Data           4  bsp_ds28e11.o(.data)
    sha_debug                                0x20000320   Data           4  bsp_ds28e11.o(.data)
    a32                                      0x20000324   Data           4  bsp_ds28e11.o(.data)
    b32                                      0x20000328   Data           4  bsp_ds28e11.o(.data)
    c32                                      0x2000032c   Data           4  bsp_ds28e11.o(.data)
    d32                                      0x20000330   Data           4  bsp_ds28e11.o(.data)
    e32                                      0x20000334   Data           4  bsp_ds28e11.o(.data)
    f32                                      0x20000338   Data           4  bsp_ds28e11.o(.data)
    g32                                      0x2000033c   Data           4  bsp_ds28e11.o(.data)
    h32                                      0x20000340   Data           4  bsp_ds28e11.o(.data)
    CRC8                                     0x20000344   Data           1  bsp_ds28e11.o(.data)
    blockindex                               0x20000345   Data           1  bsp_ds28e11.o(.data)
    segmentindex                             0x20000346   Data           1  bsp_ds28e11.o(.data)
    pageindex                                0x20000347   Data           1  bsp_ds28e11.o(.data)
    CRC16                                    0x20000348   Data           4  bsp_ds28e11.o(.data)
    RomID_Buffer                             0x2000034c   Data           8  bsp_ds28e11.o(.data)
    Personality_Value                        0x20000354   Data           2  bsp_ds28e11.o(.data)
    BoolValue                                0x20000356   Data           1  bsp_ds28e11.o(.data)
    SystemCoreClock                          0x2000036c   Data           4  system_stm32f10x.o(.data)
    AHBPrescTable                            0x20000370   Data          16  system_stm32f10x.o(.data)
    Dev                                      0x20000380   Data          18  main.o(.bss)
    Exchangebuf                              0x20000392   Data          14  main.o(.bss)
    Ex_Table                                 0x200003a0   Data         166  main.o(.bss)
    lock                                     0x20000446   Data         100  main.o(.bss)
    LockItem                                 0x200004aa   Data          86  main.o(.bss)
    Scene                                    0x20000500   Data        6416  main.o(.bss)
    Pannel                                   0x20001e10   Data         121  main.o(.bss)
    NewRegType                               0x20001e8a   Data          34  main.o(.bss)
    Array                                    0x20001eac   Data          64  main.o(.bss)
    Dly_Table                                0x20001eec   Data          82  main.o(.bss)
    RxDat                                    0x20001f3e   Data         203  main.o(.bss)
    TxDat                                    0x20002009   Data         104  main.o(.bss)
    Bus                                      0x20002072   Data          10  main.o(.bss)
    Ir                                       0x2000207c   Data         222  main.o(.bss)
    RS485_Queue                              0x2000215c   Data        2480  main.o(.bss)
    WirelessSend_Queue                       0x20002b0c   Data        2480  main.o(.bss)
    DlyTable                                 0x200034bc   Data          25  main.o(.bss)
    wbuf                                     0x200035df   Data          80  app_wireless.o(.bss)
    hSCH_task_G                              0x20003630   Data          64  time_triggered.o(.bss)
    LED                                      0x200036f8   Data          16  bsp_led.o(.bss)
    g_tMsg                                   0x200037d4   Data         100  bsp_msg.o(.bss)
    __initial_sp                             0x20003c38   Data           0  startup_stm32f10x_md.o(STACK)



==============================================================================

Memory Map of the image

  Image Entry point : 0x080018ed

  Load Region LR_IROM1 (Base: 0x08001800, Size: 0x00007fc8, Max: 0x0000e400, ABSOLUTE, COMPRESSED[0x00007efc])

    Execution Region ER_IROM1 (Base: 0x08001800, Size: 0x00007c48, Max: 0x0000e400, ABSOLUTE)

    Base Addr    Size         Type   Attr      Idx    E Section Name        Object

    0x08001800   0x000000ec   Data   RO         2263    RESET               startup_stm32f10x_md.o
    0x080018ec   0x00000000   Code   RO         4031  * .ARM.Collect$$$$00000000  mc_w.l(entry.o)
    0x080018ec   0x00000004   Code   RO         4038    .ARM.Collect$$$$00000001  mc_w.l(entry2.o)
    0x080018f0   0x00000004   Code   RO         4041    .ARM.Collect$$$$00000004  mc_w.l(entry5.o)
    0x080018f4   0x00000000   Code   RO         4043    .ARM.Collect$$$$00000008  mc_w.l(entry7b.o)
    0x080018f4   0x00000000   Code   RO         4045    .ARM.Collect$$$$0000000A  mc_w.l(entry8b.o)
    0x080018f4   0x00000008   Code   RO         4046    .ARM.Collect$$$$0000000B  mc_w.l(entry9a.o)
    0x080018fc   0x00000000   Code   RO         4048    .ARM.Collect$$$$0000000D  mc_w.l(entry10a.o)
    0x080018fc   0x00000000   Code   RO         4050    .ARM.Collect$$$$0000000F  mc_w.l(entry11a.o)
    0x080018fc   0x00000004   Code   RO         4039    .ARM.Collect$$$$00002712  mc_w.l(entry2.o)
    0x08001900   0x00000024   Code   RO         2264    .text               startup_stm32f10x_md.o
    0x08001924   0x00000024   Code   RO         4034    .text               mc_w.l(memcpya.o)
    0x08001948   0x00000024   Code   RO         4052    .text               mc_w.l(init.o)
    0x0800196c   0x0000005c   Code   RO         4062    .text               mc_w.l(__dczerorl2.o)
    0x080019c8   0x00000130   Code   RO         1712    i.A7129_Cal         bsp_a7139.o
    0x08001af8   0x00000084   Code   RO         1713    i.A7129_Config      bsp_a7139.o
    0x08001b7c   0x00000028   Code   RO         1714    i.A7129_ReadPageA   bsp_a7139.o
    0x08001ba4   0x000000b0   Code   RO         1716    i.A7129_ReadReg     bsp_a7139.o
    0x08001c54   0x00000040   Code   RO         1717    i.A7129_WriteFIFO   bsp_a7139.o
    0x08001c94   0x0000008c   Code   RO         1718    i.A7129_WriteID     bsp_a7139.o
    0x08001d20   0x00000028   Code   RO         1719    i.A7129_WritePageA  bsp_a7139.o
    0x08001d48   0x00000028   Code   RO         1720    i.A7129_WritePageB  bsp_a7139.o
    0x08001d70   0x000000a0   Code   RO         1721    i.A7129_WriteReg    bsp_a7139.o
    0x08001e10   0x00000016   Code   RO         1722    i.A7139_Delay10us   bsp_a7139.o
    0x08001e26   0x00000002   PAD
    0x08001e28   0x0000004c   Code   RO            3    i.AppTask_BusMonitor  main.o
    0x08001e74   0x00000008   Code   RO            4    i.AppTask_RivalrySend  main.o
    0x08001e7c   0x0000028c   Code   RO            5    i.AppTask_Run       main.o
    0x08002108   0x00000008   Code   RO            6    i.AppTask_WirelessRecv  main.o
    0x08002110   0x00000024   Code   RO            7    i.AppTask_WirelessSend  main.o
    0x08002134   0x0000003c   Code   RO         1506    i.Bsp_Get_UsartData  bsp_usart.o
    0x08002170   0x00000004   Code   RO         1130    i.BusFault_Handler  stm32f10x_it.o
    0x08002174   0x00000050   Code   RO         1723    i.ByteRead          bsp_a7139.o
    0x080021c4   0x0000004c   Code   RO         1724    i.ByteSend          bsp_a7139.o
    0x08002210   0x00000040   Code   RO            8    i.Check_Frame_Interval  main.o
    0x08002250   0x00000088   Code   RO          500    i.Check_SelfSend    func.o
    0x080022d8   0x00000088   Code   RO          731    i.Check_Wireless_Addr  app_wireless.o
    0x08002360   0x00000058   Code   RO          732    i.Check_WlLock_Addr  app_wireless.o
    0x080023b8   0x000000a2   Code   RO          845    i.ClrChannelBIT     my_queue_chl.o
    0x0800245a   0x00000002   PAD
    0x0800245c   0x000000e0   Code   RO          501    i.CompareSync       func.o
    0x0800253c   0x00000024   Code   RO          502    i.ComposePacket     func.o
    0x08002560   0x00000054   Code   RO          503    i.ComposePacketFromDS28E02  func.o
    0x080025b4   0x00000118   Code   RO         1921    i.ComputeAndReadPageMAC  bsp_ds28e11.o
    0x080026cc   0x00000040   Code   RO          504    i.Crc8CheckSum      func.o
    0x0800270c   0x00000050   Code   RO         1725    i.DSSS_MODE         bsp_a7139.o
    0x0800275c   0x00000014   Code   RO          846    i.DeQueueBuf        my_queue_chl.o
    0x08002770   0x00000002   Code   RO         1131    i.DebugMon_Handler  stm32f10x_it.o
    0x08002772   0x00000016   Code   RO         1924    i.Delay_us          bsp_ds28e11.o
    0x08002788   0x00000214   Code   RO          505    i.Dev_Init          func.o
    0x0800299c   0x00000048   Code   RO          506    i.DlyEvent_handle   func.o
    0x080029e4   0x00000014   Code   RO          847    i.EnQueueBuf        my_queue_chl.o
    0x080029f8   0x0000000c   Code   RO         1726    i.Err_State         bsp_a7139.o
    0x08002a04   0x000000a4   Code   RO          848    i.FoundChannelBIT   my_queue_chl.o
    0x08002aa8   0x00000112   Code   RO         2468    i.GPIO_Init         stm32f10x_gpio.o
    0x08002bba   0x00000002   PAD
    0x08002bbc   0x00000090   Code   RO         2470    i.GPIO_PinRemapConfig  stm32f10x_gpio.o
    0x08002c4c   0x00000012   Code   RO         2472    i.GPIO_ReadInputDataBit  stm32f10x_gpio.o
    0x08002c5e   0x00000004   Code   RO         2475    i.GPIO_ResetBits    stm32f10x_gpio.o
    0x08002c62   0x00000004   Code   RO         2476    i.GPIO_SetBits      stm32f10x_gpio.o
    0x08002c66   0x00000018   Code   RO          849    i.GetQueue_InQ      my_queue_chl.o
    0x08002c7e   0x00000050   Code   RO          850    i.GetQueue_OutQ     my_queue_chl.o
    0x08002cce   0x00000002   PAD
    0x08002cd0   0x00000038   Code   RO          507    i.GetRandTime       func.o
    0x08002d08   0x0000001a   Code   RO          508    i.GetSecret         func.o
    0x08002d22   0x00000002   PAD
    0x08002d24   0x00000058   Code   RO          509    i.Get_SerialNum     func.o
    0x08002d7c   0x00000058   Code   RO         1132    i.HardFault_Handler  stm32f10x_it.o
    0x08002dd4   0x0000002c   Code   RO         1318    i.I2C_NoAck         bsp_eeprom.o
    0x08002e00   0x00000054   Code   RO         1319    i.I2C_RecAck        bsp_eeprom.o
    0x08002e54   0x00000040   Code   RO         1320    i.I2C_SDA_IO_SET    bsp_eeprom.o
    0x08002e94   0x0000002c   Code   RO         1321    i.I2C_SendAck       bsp_eeprom.o
    0x08002ec0   0x00000038   Code   RO         1322    i.I2C_Start         bsp_eeprom.o
    0x08002ef8   0x00000038   Code   RO         1323    i.I2C_Stop          bsp_eeprom.o
    0x08002f30   0x00000020   Code   RO         1324    i.I2C_WP_SET        bsp_eeprom.o
    0x08002f50   0x00000050   Code   RO         1325    i.I2C_rbyte         bsp_eeprom.o
    0x08002fa0   0x00000060   Code   RO         1326    i.I2C_wbyte         bsp_eeprom.o
    0x08003000   0x000000f8   Code   RO          234    i.IT1_AddressSetting  app_it1.o
    0x080030f8   0x00000148   Code   RO          235    i.IT1_DevPara_Report  app_it1.o
    0x08003240   0x000000bc   Code   RO          236    i.IT1_Dev_Declare   app_it1.o
    0x080032fc   0x000000ac   Code   RO          237    i.IT1_Dev_Register  app_it1.o
    0x080033a8   0x00000270   Code   RO          238    i.IT1_Dev_StuLoad   app_it1.o
    0x08003618   0x0000006c   Code   RO          239    i.IT1_Dlytime_Handle  app_it1.o
    0x08003684   0x000000c4   Code   RO          241    i.IT1_Function_BroadCast  app_it1.o
    0x08003748   0x000000c8   Code   RO          242    i.IT1_Function_CMD  app_it1.o
    0x08003810   0x00000488   Code   RO          243    i.IT1_Function_Date  app_it1.o
    0x08003c98   0x0000007c   Code   RO          244    i.IT1_Function_Modfiy  app_it1.o
    0x08003d14   0x000001d0   Code   RO          245    i.IT1_Function_Setup  app_it1.o
    0x08003ee4   0x00000074   Code   RO          246    i.IT1_IR_DEL        app_it1.o
    0x08003f58   0x00000234   Code   RO          247    i.IT1_IR_LoadToWireless  app_it1.o
    0x0800418c   0x000001c8   Code   RO          248    i.IT1_IR_Setup      app_it1.o
    0x08004354   0x000000cc   Code   RO          250    i.IT1_IR_UnLoadToWireless  app_it1.o
    0x08004420   0x00000084   Code   RO          251    i.IT1_IrDel_Report  app_it1.o
    0x080044a4   0x00000118   Code   RO          252    i.IT1_IrSetup_Report  app_it1.o
    0x080045bc   0x000001a0   Code   RO          253    i.IT1_Key_DataLoad  app_it1.o
    0x0800475c   0x00000030   Code   RO          256    i.IT1_LearnLock     app_it1.o
    0x0800478c   0x000000e0   Code   RO          257    i.IT1_LoadInfo_Report  app_it1.o
    0x0800486c   0x00000080   Code   RO          258    i.IT1_Load_RS485_Ack  app_it1.o
    0x080048ec   0x00000084   Code   RO          259    i.IT1_Load_RS485_InfoReport  app_it1.o
    0x08004970   0x000001ec   Code   RO          260    i.IT1_Lock_DataLoad  app_it1.o
    0x08004b5c   0x00000064   Code   RO          262    i.IT1_Modify_Type   app_it1.o
    0x08004bc0   0x00000048   Code   RO          263    i.IT1_PROGRAM_Uadata  app_it1.o
    0x08004c08   0x00000178   Code   RO          264    i.IT1_ParseFrame    app_it1.o
    0x08004d80   0x00000094   Code   RO          265    i.IT1_PraseASK      app_it1.o
    0x08004e14   0x0000004c   Code   RO          266    i.IT1_RS4852Wireless  app_it1.o
    0x08004e60   0x000000c4   Code   RO          268    i.IT1_RS485_Report  app_it1.o
    0x08004f24   0x00000088   Code   RO          269    i.IT1_RS485_StuLoad  app_it1.o
    0x08004fac   0x000002c8   Code   RO          270    i.IT1_SendData      app_it1.o
    0x08005274   0x000000e4   Code   RO          271    i.IT1_Sensor_DataLoad  app_it1.o
    0x08005358   0x00000134   Code   RO          272    i.IT1_Turn_DataLoad  app_it1.o
    0x0800548c   0x00000062   Code   RO          273    i.IT1_Wireless2RS485  app_it1.o
    0x080054ee   0x00000002   PAD
    0x080054f0   0x00000010   Code   RO         3938    i.IWDG_Enable       stm32f10x_iwdg.o
    0x08005500   0x00000008   Code   RO         1546    i.IWDG_Feed         bsp_iwdg.o
    0x08005508   0x00000010   Code   RO         3940    i.IWDG_ReloadCounter  stm32f10x_iwdg.o
    0x08005518   0x0000000c   Code   RO         3941    i.IWDG_SetPrescaler  stm32f10x_iwdg.o
    0x08005524   0x0000000c   Code   RO         3942    i.IWDG_SetReload    stm32f10x_iwdg.o
    0x08005530   0x0000000c   Code   RO         3943    i.IWDG_WriteAccessCmd  stm32f10x_iwdg.o
    0x0800553c   0x00000026   Code   RO          510    i.InfoDecode        func.o
    0x08005562   0x00000026   Code   RO          511    i.InfoEncode        func.o
    0x08005588   0x00000008   Code   RO          851    i.InitQueueBUF      my_queue_chl.o
    0x08005590   0x00000074   Code   RO          512    i.Init_Ex_Table     func.o
    0x08005604   0x000000d0   Code   RO          513    i.Init_Lock_Table   func.o
    0x080056d4   0x00000060   Code   RO          514    i.Init_Pannel_Table  func.o
    0x08005734   0x00000054   Code   RO          516    i.Ir_Config_Add     func.o
    0x08005788   0x00000054   Code   RO          517    i.Ir_Config_Del     func.o
    0x080057dc   0x0000001c   Code   RO         1046    i.IsKeyDown1        bsp_key.o
    0x080057f8   0x0000000e   Code   RO          852    i.IsQueueBufEmpty   my_queue_chl.o
    0x08005806   0x00000002   PAD
    0x08005808   0x0000007c   Code   RO         1447    i.Led_set           bsp_led.o
    0x08005884   0x00000004   Code   RO         1133    i.MemManage_Handler  stm32f10x_it.o
    0x08005888   0x00000074   Code   RO          519    i.Msg_hanndle       func.o
    0x080058fc   0x0000000e   Code   RO         1727    i.My_NOP            bsp_a7139.o
    0x0800590a   0x00000002   Code   RO         1134    i.NMI_Handler       stm32f10x_it.o
    0x0800590c   0x00000074   Code   RO         2270    i.NVIC_Init         misc.o
    0x08005980   0x00000014   Code   RO         2271    i.NVIC_PriorityGroupConfig  misc.o
    0x08005994   0x00000014   Code   RO         2272    i.NVIC_SetVectorTable  misc.o
    0x080059a8   0x00000044   Code   RO         1926    i.One_Wire_IO_Direction  bsp_ds28e11.o
    0x080059ec   0x00000040   Code   RO          520    i.Pannel_Table_Refresh  func.o
    0x08005a2c   0x00000020   Code   RO         2654    i.RCC_APB1PeriphClockCmd  stm32f10x_rcc.o
    0x08005a4c   0x00000020   Code   RO         2656    i.RCC_APB2PeriphClockCmd  stm32f10x_rcc.o
    0x08005a6c   0x00000014   Code   RO         2660    i.RCC_ClearFlag     stm32f10x_rcc.o
    0x08005a80   0x000000d4   Code   RO         2664    i.RCC_GetClocksFreq  stm32f10x_rcc.o
    0x08005b54   0x0000003c   Code   RO         2665    i.RCC_GetFlagStatus  stm32f10x_rcc.o
    0x08005b90   0x0000002c   Code   RO         1729    i.RF_RX             bsp_a7139.o
    0x08005bbc   0x0000006c   Code   RO         1730    i.RF_TX             bsp_a7139.o
    0x08005c28   0x00000078   Code   RO         1731    i.RF_TX1            bsp_a7139.o
    0x08005ca0   0x00000064   Code   RO         1507    i.RS485_Send        bsp_usart.o
    0x08005d04   0x000000a8   Code   RO         1328    i.ReadDataFromFlash  bsp_eeprom.o
    0x08005dac   0x00000124   Code   RO         1929    i.ReadWriteScratchpad  bsp_ds28e11.o
    0x08005ed0   0x000000f4   Code   RO          521    i.Read_Dev          func.o
    0x08005fc4   0x0000012c   Code   RO          522    i.Read_Ex_Table     func.o
    0x080060f0   0x000000e8   Code   RO          523    i.Read_Lock_Table   func.o
    0x080061d8   0x00000138   Code   RO          524    i.Read_Pannel_Table  func.o
    0x08006310   0x00000058   Code   RO         1930    i.Read_RomID        bsp_ds28e11.o
    0x08006368   0x00000014   Code   RO          526    i.RegTimeClr        func.o
    0x0800637c   0x000000f0   Code   RO          527    i.Remote_Key_Dis    func.o
    0x0800646c   0x000000f4   Code   RO          528    i.Remote_Key_En     func.o
    0x08006560   0x0000006c   Code   RO         1735    i.RxPacket          bsp_a7139.o
    0x080065cc   0x000000fc   Code   RO          529    i.Secret_Verify     func.o
    0x080066c8   0x000000a2   Code   RO          854    i.SetChannelBIT     my_queue_chl.o
    0x0800676a   0x00000008   Code   RO         3988    i.SetSysClock       system_stm32f10x.o
    0x08006772   0x00000002   PAD
    0x08006774   0x000000dc   Code   RO         3989    i.SetSysClockTo72   system_stm32f10x.o
    0x08006850   0x00000030   Code   RO         1736    i.Set_SDIO_Direction  bsp_a7139.o
    0x08006880   0x0000005c   Code   RO         1737    i.StrobeCMD         bsp_a7139.o
    0x080068dc   0x0000001c   Code   RO          733    i.SumCheck          app_wireless.o
    0x080068f8   0x00000008   Code   RO         1197    i.SysTick_Handler   bsp_timer.o
    0x08006900   0x00000084   Code   RO         1198    i.SysTick_ISR       bsp_timer.o
    0x08006984   0x00000060   Code   RO         3991    i.SystemInit        system_stm32f10x.o
    0x080069e4   0x0000009c   Code   RO         1199    i.TIM2_IRQHandler   bsp_timer.o
    0x08006a80   0x00000006   Code   RO         3241    i.TIM_ClearITPendingBit  stm32f10x_tim.o
    0x08006a86   0x00000018   Code   RO         3246    i.TIM_Cmd           stm32f10x_tim.o
    0x08006a9e   0x00000006   Code   RO         3265    i.TIM_GetCounter    stm32f10x_tim.o
    0x08006aa4   0x00000022   Code   RO         3267    i.TIM_GetITStatus   stm32f10x_tim.o
    0x08006ac6   0x00000012   Code   RO         3271    i.TIM_ITConfig      stm32f10x_tim.o
    0x08006ad8   0x00000004   Code   RO         3307    i.TIM_SetCompare1   stm32f10x_tim.o
    0x08006adc   0x00000004   Code   RO         3308    i.TIM_SetCompare2   stm32f10x_tim.o
    0x08006ae0   0x00000004   Code   RO         3309    i.TIM_SetCompare3   stm32f10x_tim.o
    0x08006ae4   0x00000006   Code   RO         3310    i.TIM_SetCompare4   stm32f10x_tim.o
    0x08006aea   0x00000002   PAD
    0x08006aec   0x000000a4   Code   RO         3317    i.TIM_TimeBaseInit  stm32f10x_tim.o
    0x08006b90   0x00000054   Code   RO         1508    i.USART3_IRQHandler  bsp_usart.o
    0x08006be4   0x00000012   Code   RO         2860    i.USART_ClearFlag   stm32f10x_usart.o
    0x08006bf6   0x00000018   Code   RO         2864    i.USART_Cmd         stm32f10x_usart.o
    0x08006c0e   0x0000001a   Code   RO         2867    i.USART_GetFlagStatus  stm32f10x_usart.o
    0x08006c28   0x00000054   Code   RO         2868    i.USART_GetITStatus  stm32f10x_usart.o
    0x08006c7c   0x0000004a   Code   RO         2870    i.USART_ITConfig    stm32f10x_usart.o
    0x08006cc6   0x00000002   PAD
    0x08006cc8   0x000000d8   Code   RO         2871    i.USART_Init        stm32f10x_usart.o
    0x08006da0   0x0000000a   Code   RO         2878    i.USART_ReceiveData  stm32f10x_usart.o
    0x08006daa   0x00000008   Code   RO         2881    i.USART_SendData    stm32f10x_usart.o
    0x08006db2   0x00000004   Code   RO         1135    i.UsageFault_Handler  stm32f10x_it.o
    0x08006db6   0x00000002   PAD
    0x08006db8   0x000000d0   Code   RO          734    i.Wireless_Control_IR  app_wireless.o
    0x08006e88   0x00000104   Code   RO          736    i.Wireless_Dev_Action  app_wireless.o
    0x08006f8c   0x000000d4   Code   RO          737    i.Wireless_Learn_Finish  app_wireless.o
    0x08007060   0x00000208   Code   RO          738    i.Wireless_Lock_Action  app_wireless.o
    0x08007268   0x00000aa4   Code   RO          739    i.Wireless_Recv     app_wireless.o
    0x08007d0c   0x00000024   Code   RO          740    i.Wireless_Recv_Disable  app_wireless.o
    0x08007d30   0x00000020   Code   RO          741    i.Wireless_Recv_IsRun  app_wireless.o
    0x08007d50   0x00000110   Code   RO          742    i.Wireless_Send     app_wireless.o
    0x08007e60   0x00000028   Code   RO          743    i.Wireless_Send_Check  app_wireless.o
    0x08007e88   0x000000b4   Code   RO          744    i.WlLock_Learn_Finish  app_wireless.o
    0x08007f3c   0x000000c8   Code   RO         1330    i.WriteDataToFlash  bsp_eeprom.o
    0x08008004   0x0000011c   Code   RO         1935    i.WriteMemory       bsp_ds28e11.o
    0x08008120   0x00000086   Code   RO          530    i.Write_Dev         func.o
    0x080081a6   0x00000002   PAD
    0x080081a8   0x0000012c   Code   RO          531    i.Write_Ex_Table    func.o
    0x080082d4   0x0000014c   Code   RO          532    i.Write_Lock_Table  func.o
    0x08008420   0x00000098   Code   RO          533    i.Write_Pannel_Table  func.o
    0x080084b8   0x0000000e   Code   RO         4056    i.__scatterload_copy  mc_w.l(handlers.o)
    0x080084c6   0x00000002   Code   RO         4057    i.__scatterload_null  mc_w.l(handlers.o)
    0x080084c8   0x0000000e   Code   RO         4058    i.__scatterload_zeroinit  mc_w.l(handlers.o)
    0x080084d6   0x00000006   Code   RO          535    i.__set_PRIMASK     func.o
    0x080084dc   0x00000006   Code   RO         1200    i.__set_PRIMASK     bsp_timer.o
    0x080084e2   0x00000002   PAD
    0x080084e4   0x00000034   Code   RO         1202    i.bsp_CheckTimer    bsp_timer.o
    0x08008518   0x00000014   Code   RO         2216    i.bsp_ClearMsg      bsp_msg.o
    0x0800852c   0x000000cc   Code   RO         1048    i.bsp_DetectKey     bsp_key.o
    0x080085f8   0x00000080   Code   RO         1331    i.bsp_EepromInit    bsp_eeprom.o
    0x08008678   0x00000034   Code   RO         1049    i.bsp_GetKey        bsp_key.o
    0x080086ac   0x0000004c   Code   RO         2217    i.bsp_GetMsg        bsp_msg.o
    0x080086f8   0x00000030   Code   RO          982    i.bsp_Init          bsp.o
    0x08008728   0x0000000c   Code   RO         1936    i.bsp_Init28E11     bsp_ds28e11.o
    0x08008734   0x0000002c   Code   RO         1937    i.bsp_Init28E11Hard  bsp_ds28e11.o
    0x08008760   0x0000002c   Code   RO         1938    i.bsp_Init28E11Var  bsp_ds28e11.o
    0x0800878c   0x00000068   Code   RO         1206    i.bsp_InitHardTimer  bsp_timer.o
    0x080087f4   0x0000002e   Code   RO         1547    i.bsp_InitIwdg      bsp_iwdg.o
    0x08008822   0x0000000c   Code   RO         1052    i.bsp_InitKey       bsp_key.o
    0x0800882e   0x00000002   PAD
    0x08008830   0x0000002c   Code   RO         1053    i.bsp_InitKeyHard   bsp_key.o
    0x0800885c   0x00000060   Code   RO         1054    i.bsp_InitKeyVar    bsp_key.o
    0x080088bc   0x00000088   Code   RO         1448    i.bsp_InitLed       bsp_led.o
    0x08008944   0x00000008   Code   RO         2219    i.bsp_InitMsg       bsp_msg.o
    0x0800894c   0x0000010c   Code   RO         1742    i.bsp_InitRF        bsp_a7139.o
    0x08008a58   0x000000a0   Code   RO         1207    i.bsp_InitTimer     bsp_timer.o
    0x08008af8   0x000000e0   Code   RO         1509    i.bsp_InitUart      bsp_usart.o
    0x08008bd8   0x00000016   Code   RO         1055    i.bsp_KeyScan       bsp_key.o
    0x08008bee   0x00000002   PAD
    0x08008bf0   0x00000020   Code   RO         1450    i.bsp_LedOff        bsp_led.o
    0x08008c10   0x00000020   Code   RO         1451    i.bsp_LedOn         bsp_led.o
    0x08008c30   0x00000020   Code   RO         1056    i.bsp_PutKey        bsp_key.o
    0x08008c50   0x00000038   Code   RO         2220    i.bsp_PutMsg        bsp_msg.o
    0x08008c88   0x00000002   Code   RO          983    i.bsp_RunPer10ms    bsp.o
    0x08008c8a   0x0000000c   Code   RO          984    i.bsp_RunPer1ms     bsp.o
    0x08008c96   0x0000001c   Code   RO         1208    i.bsp_SoftTimerDec  bsp_timer.o
    0x08008cb2   0x00000002   PAD
    0x08008cb4   0x000000c8   Code   RO         1210    i.bsp_StartHardTimer  bsp_timer.o
    0x08008d7c   0x0000004c   Code   RO         1211    i.bsp_StartTimer    bsp_timer.o
    0x08008dc8   0x00000010   Code   RO         1332    i.delay_nop         bsp_eeprom.o
    0x08008dd8   0x0000006c   Code   RO         1939    i.docrc16           bsp_ds28e11.o
    0x08008e44   0x00000020   Code   RO         1940    i.dowcrc            bsp_ds28e11.o
    0x08008e64   0x0000001c   Code   RO         1333    i.eep_delay10ms     bsp_eeprom.o
    0x08008e80   0x00000060   Code   RO          916    i.hSCH_Add_Task     time_triggered.o
    0x08008ee0   0x0000005c   Code   RO          917    i.hSCH_Dispatch_Tasks  time_triggered.o
    0x08008f3c   0x00000044   Code   RO          918    i.hSCH_Task_Delete  time_triggered.o
    0x08008f80   0x000000a0   Code   RO          919    i.hSCH_Update       time_triggered.o
    0x08009020   0x00000168   Code   RO         1453    i.led_run           bsp_led.o
    0x08009188   0x000000b0   Code   RO            9    i.main              main.o
    0x08009238   0x00000044   Code   RO         1943    i.ow_reset          bsp_ds28e11.o
    0x0800927c   0x00000054   Code   RO         1944    i.read_bit          bsp_ds28e11.o
    0x080092d0   0x00000022   Code   RO         1945    i.read_byte         bsp_ds28e11.o
    0x080092f2   0x00000002   PAD
    0x080092f4   0x00000044   Code   RO           10    i.taskRxProcess     main.o
    0x08009338   0x00000020   Code   RO          746    i.wl_wakeup_frame   app_wireless.o
    0x08009358   0x0000003c   Code   RO         1961    i.write_bit         bsp_ds28e11.o
    0x08009394   0x00000020   Code   RO         1962    i.write_byte        bsp_ds28e11.o
    0x080093b4   0x00000074   Data   RO         1743    .constdata          bsp_a7139.o
    0x08009428   0x00000020   Data   RO         4054    Region$$Table       anon$$obj.o


    Execution Region RW_IRAM1 (Base: 0x20000000, Size: 0x00003c38, Max: 0x00005000, ABSOLUTE, COMPRESSED[0x000002b4])

    Base Addr    Size         Type   Attr      Idx    E Section Name        Object

    0x20000000   0x00000019   Data   RW           12    .data               main.o
    0x20000019   0x00000044   Data   RW          275    .data               app_it1.o
    0x2000005d   0x0000000b   Data   RW          537    .data               func.o
    0x20000068   0x00000005   Data   RW          748    .data               app_wireless.o
    0x2000006d   0x00000001   Data   RW          921    .data               time_triggered.o
    0x2000006e   0x00000002   PAD
    0x20000070   0x00000020   Data   RW         1214    .data               bsp_timer.o
    0x20000090   0x00000001   Data   RW         1335    .data               bsp_eeprom.o
    0x20000091   0x00000003   PAD
    0x20000094   0x00000008   Data   RW         1744    .data               bsp_a7139.o
    0x2000009c   0x000002bb   Data   RW         1964    .data               bsp_ds28e11.o
    0x20000357   0x00000014   Data   RW         2684    .data               stm32f10x_rcc.o
    0x2000036b   0x00000001   PAD
    0x2000036c   0x00000014   Data   RW         3992    .data               system_stm32f10x.o
    0x20000380   0x00003155   Zero   RW           11    .bss                main.o
    0x200034d5   0x000000c8   Zero   RW          274    .bss                app_it1.o
    0x2000359d   0x00000032   Zero   RW          536    .bss                func.o
    0x200035cf   0x00000060   Zero   RW          747    .bss                app_wireless.o
    0x2000362f   0x00000001   PAD
    0x20003630   0x00000040   Zero   RW          920    .bss                time_triggered.o
    0x20003670   0x0000001b   Zero   RW         1058    .bss                bsp_key.o
    0x2000368b   0x00000001   PAD
    0x2000368c   0x0000006c   Zero   RW         1213    .bss                bsp_timer.o
    0x200036f8   0x00000010   Zero   RW         1454    .bss                bsp_led.o
    0x20003708   0x000000c9   Zero   RW         1510    .bss                bsp_usart.o
    0x200037d1   0x00000003   PAD
    0x200037d4   0x00000064   Zero   RW         2221    .bss                bsp_msg.o
    0x20003838   0x00000400   Zero   RW         2261    STACK               startup_stm32f10x_md.o


==============================================================================

Image component sizes


      Code (inc. data)   RO Data    RW Data    ZI Data      Debug   Object Name

      9454        490          0         68        200      26734   app_it1.o
      4768        206          0          5         96      12111   app_wireless.o
        62          0          0          0          0       3664   bsp.o
      2168        124        116          8          0      14707   bsp_a7139.o
      1552         68          0        699          0      12381   bsp_ds28e11.o
      1096         68          0          1          0       7538   bsp_eeprom.o
        54          0          0          0          0        915   bsp_iwdg.o
       490         42          0          0         27       4354   bsp_key.o
       684         32          0          0         16       3557   bsp_led.o
       160         18          0          0        100       2276   bsp_msg.o
       922         90          0         32        108      28353   bsp_timer.o
       468         36          0          0        201       3076   bsp_usart.o
      4930        208          0         11         50      21925   func.o
      1088         92          0         25      12629     267399   main.o
       156         32          0          0          0       2113   misc.o
       654          0          0          0          0       5490   my_queue_chl.o
        36          8        236          0       1024        860   startup_stm32f10x_md.o
       444          6          0          0          0       4514   stm32f10x_gpio.o
       104         50          0          0          0       2545   stm32f10x_it.o
        68         30          0          0          0       2510   stm32f10x_iwdg.o
       356         42          0         20          0       5598   stm32f10x_rcc.o
       270         42          0          0          0       6283   stm32f10x_tim.o
       460          6          0          0          0       6735   stm32f10x_usart.o
       324         26          0         20          0       2057   system_stm32f10x.o
       416         26          0          1         64       3354   time_triggered.o

    ----------------------------------------------------------------------
     31218       1742        384        896      14520     451049   Object Totals
         0          0         32          0          0          0   (incl. Generated)
        34          0          0          6          5          0   (incl. Padding)

    ----------------------------------------------------------------------

      Code (inc. data)   RO Data    RW Data    ZI Data      Debug   Library Member Name

        92          0          0          0          0          0   __dczerorl2.o
         0          0          0          0          0          0   entry.o
         0          0          0          0          0          0   entry10a.o
         0          0          0          0          0          0   entry11a.o
         8          4          0          0          0          0   entry2.o
         4          0          0          0          0          0   entry5.o
         0          0          0          0          0          0   entry7b.o
         0          0          0          0          0          0   entry8b.o
         8          4          0          0          0          0   entry9a.o
        30          0          0          0          0          0   handlers.o
        36          8          0          0          0         68   init.o
        36          0          0          0          0         68   memcpya.o

    ----------------------------------------------------------------------
       214         16          0          0          0        136   Library Totals
         0          0          0          0          0          0   (incl. Padding)

    ----------------------------------------------------------------------

      Code (inc. data)   RO Data    RW Data    ZI Data      Debug   Library Name

       214         16          0          0          0        136   mc_w.l

    ----------------------------------------------------------------------
       214         16          0          0          0        136   Library Totals

    ----------------------------------------------------------------------

==============================================================================


      Code (inc. data)   RO Data    RW Data    ZI Data      Debug   

     31432       1758        384        896      14520     439173   Grand Totals
     31432       1758        384        692      14520     439173   ELF Image Totals (compressed)
     31432       1758        384        692          0          0   ROM Totals

==============================================================================

    Total RO  Size (Code + RO Data)                31816 (  31.07kB)
    Total RW  Size (RW Data + ZI Data)             15416 (  15.05kB)
    Total ROM Size (Code + RO Data + RW Data)      32508 (  31.75kB)

==============================================================================

